Archive member included to satisfy reference by file (symbol)

/usr/local/Cellar/arm-none-eabi-gcc/10.3-2021.07/gcc/bin/../lib/gcc/arm-none-eabi/10.3.1/thumb/v6-m/nofp/libgcc.a(_dvmd_tls.o)
                              CMakeFiles/dnvt-switch.dir/Users/nandre/src/pico-sdk/src/rp2_common/pico_divider/divider.S.obj (__aeabi_idiv0)
/usr/local/Cellar/arm-none-eabi-gcc/10.3-2021.07/gcc/bin/../lib/gcc/arm-none-eabi/10.3.1/../../../../arm-none-eabi/lib/thumb/v6-m/nofp/libg.a(lib_a-calloc.o)
                              CMakeFiles/dnvt-switch.dir/Users/nandre/src/pico-sdk/src/rp2_common/pico_malloc/pico_malloc.c.obj (calloc)
/usr/local/Cellar/arm-none-eabi-gcc/10.3-2021.07/gcc/bin/../lib/gcc/arm-none-eabi/10.3.1/../../../../arm-none-eabi/lib/thumb/v6-m/nofp/libg.a(lib_a-callocr.o)
                              /usr/local/Cellar/arm-none-eabi-gcc/10.3-2021.07/gcc/bin/../lib/gcc/arm-none-eabi/10.3.1/../../../../arm-none-eabi/lib/thumb/v6-m/nofp/libg.a(lib_a-calloc.o) (_calloc_r)
/usr/local/Cellar/arm-none-eabi-gcc/10.3-2021.07/gcc/bin/../lib/gcc/arm-none-eabi/10.3.1/../../../../arm-none-eabi/lib/thumb/v6-m/nofp/libg.a(lib_a-ctype_.o)
                              CMakeFiles/dnvt-switch.dir/Users/nandre/src/pico-sdk/lib/tinyusb/src/tusb.c.obj (_ctype_)
/usr/local/Cellar/arm-none-eabi-gcc/10.3-2021.07/gcc/bin/../lib/gcc/arm-none-eabi/10.3.1/../../../../arm-none-eabi/lib/thumb/v6-m/nofp/libg.a(lib_a-errno.o)
                              /usr/local/Cellar/arm-none-eabi-gcc/10.3-2021.07/gcc/bin/../lib/gcc/arm-none-eabi/10.3.1/../../../../arm-none-eabi/lib/thumb/v6-m/nofp/libg.a(lib_a-callocr.o) (__errno)
/usr/local/Cellar/arm-none-eabi-gcc/10.3-2021.07/gcc/bin/../lib/gcc/arm-none-eabi/10.3.1/../../../../arm-none-eabi/lib/thumb/v6-m/nofp/libg.a(lib_a-impure.o)
                              /usr/local/Cellar/arm-none-eabi-gcc/10.3-2021.07/gcc/bin/../lib/gcc/arm-none-eabi/10.3.1/../../../../arm-none-eabi/lib/thumb/v6-m/nofp/libg.a(lib_a-calloc.o) (_impure_ptr)
/usr/local/Cellar/arm-none-eabi-gcc/10.3-2021.07/gcc/bin/../lib/gcc/arm-none-eabi/10.3.1/../../../../arm-none-eabi/lib/thumb/v6-m/nofp/libg.a(lib_a-init.o)
                              /usr/local/Cellar/arm-none-eabi-gcc/10.3-2021.07/gcc/bin/../lib/gcc/arm-none-eabi/10.3.1/../../../../arm-none-eabi/lib/thumb/v6-m/nofp/crt0.o (__libc_init_array)
/usr/local/Cellar/arm-none-eabi-gcc/10.3-2021.07/gcc/bin/../lib/gcc/arm-none-eabi/10.3.1/../../../../arm-none-eabi/lib/thumb/v6-m/nofp/libg.a(lib_a-malloc.o)
                              CMakeFiles/dnvt-switch.dir/Users/nandre/src/pico-sdk/src/rp2_common/pico_malloc/pico_malloc.c.obj (malloc)
/usr/local/Cellar/arm-none-eabi-gcc/10.3-2021.07/gcc/bin/../lib/gcc/arm-none-eabi/10.3.1/../../../../arm-none-eabi/lib/thumb/v6-m/nofp/libg.a(lib_a-mallocr.o)
                              /usr/local/Cellar/arm-none-eabi-gcc/10.3-2021.07/gcc/bin/../lib/gcc/arm-none-eabi/10.3.1/../../../../arm-none-eabi/lib/thumb/v6-m/nofp/libg.a(lib_a-callocr.o) (_malloc_r)
/usr/local/Cellar/arm-none-eabi-gcc/10.3-2021.07/gcc/bin/../lib/gcc/arm-none-eabi/10.3.1/../../../../arm-none-eabi/lib/thumb/v6-m/nofp/libg.a(lib_a-mlock.o)
                              /usr/local/Cellar/arm-none-eabi-gcc/10.3-2021.07/gcc/bin/../lib/gcc/arm-none-eabi/10.3.1/../../../../arm-none-eabi/lib/thumb/v6-m/nofp/libg.a(lib_a-mallocr.o) (__malloc_lock)
/usr/local/Cellar/arm-none-eabi-gcc/10.3-2021.07/gcc/bin/../lib/gcc/arm-none-eabi/10.3.1/../../../../arm-none-eabi/lib/thumb/v6-m/nofp/libg.a(lib_a-realloc.o)
                              CMakeFiles/dnvt-switch.dir/Users/nandre/src/pico-sdk/src/rp2_common/pico_malloc/pico_malloc.c.obj (realloc)
/usr/local/Cellar/arm-none-eabi-gcc/10.3-2021.07/gcc/bin/../lib/gcc/arm-none-eabi/10.3.1/../../../../arm-none-eabi/lib/thumb/v6-m/nofp/libg.a(lib_a-reallocr.o)
                              /usr/local/Cellar/arm-none-eabi-gcc/10.3-2021.07/gcc/bin/../lib/gcc/arm-none-eabi/10.3.1/../../../../arm-none-eabi/lib/thumb/v6-m/nofp/libg.a(lib_a-realloc.o) (_realloc_r)
/usr/local/Cellar/arm-none-eabi-gcc/10.3-2021.07/gcc/bin/../lib/gcc/arm-none-eabi/10.3.1/../../../../arm-none-eabi/lib/thumb/v6-m/nofp/libg.a(lib_a-sbrkr.o)
                              /usr/local/Cellar/arm-none-eabi-gcc/10.3-2021.07/gcc/bin/../lib/gcc/arm-none-eabi/10.3.1/../../../../arm-none-eabi/lib/thumb/v6-m/nofp/libg.a(lib_a-mallocr.o) (_sbrk_r)
/usr/local/Cellar/arm-none-eabi-gcc/10.3-2021.07/gcc/bin/../lib/gcc/arm-none-eabi/10.3.1/../../../../arm-none-eabi/lib/thumb/v6-m/nofp/libg.a(lib_a-strlen-stub.o)
                              CMakeFiles/dnvt-switch.dir/Users/nandre/src/pico-sdk/src/rp2_common/pico_stdio/stdio.c.obj (strlen)
/usr/local/Cellar/arm-none-eabi-gcc/10.3-2021.07/gcc/bin/../lib/gcc/arm-none-eabi/10.3.1/../../../../arm-none-eabi/lib/thumb/v6-m/nofp/libg.a(lib_a-strncpy.o)
                              CMakeFiles/dnvt-switch.dir/display.c.obj (strncpy)
[...]
Memory Configuration

Name             Origin             Length             Attributes
FLASH            0x0000000010000000 0x0000000000200000 xr
RAM              0x0000000020000000 0x0000000000040000 xrw
SCRATCH_X        0x0000000020040000 0x0000000000001000 xrw
SCRATCH_Y        0x0000000020041000 0x0000000000001000 xrw
*default*        0x0000000000000000 0xffffffffffffffff

Linker script and memory map

LOAD /usr/local/Cellar/arm-none-eabi-gcc/10.3-2021.07/gcc/bin/../lib/gcc/arm-none-eabi/10.3.1/thumb/v6-m/nofp/crti.o
LOAD /usr/local/Cellar/arm-none-eabi-gcc/10.3-2021.07/gcc/bin/../lib/gcc/arm-none-eabi/10.3.1/thumb/v6-m/nofp/crtbegin.o
LOAD /usr/local/Cellar/arm-none-eabi-gcc/10.3-2021.07/gcc/bin/../lib/gcc/arm-none-eabi/10.3.1/../../../../arm-none-eabi/lib/thumb/v6-m/nofp/crt0.o

.flash_begin    0x0000000010000000        0x0
                0x0000000010000000                __flash_binary_start = .

.boot2          0x0000000010000000      0x100
                0x0000000010000000                __boot2_start__ = .
 *(.boot2)
 .boot2         0x0000000010000000      0x100 /var/folders/q9/dg9tp5h97s9f4wkkck8rqrk40000gn/T//cc9tqa2t.o
                0x0000000010000100                __boot2_end__ = .
                0x0000000000000001                ASSERT (((__boot2_end__ - __boot2_start__) == 0x100), ERROR: Pico second stage bootloader must be 256 bytes in size)

.text           0x0000000010000100     0x9690
                0x0000000010000100                __logical_binary_start = .
 *(.vectors)
 .vectors       0x0000000010000100       0xd4 CMakeFiles/dnvt-switch.dir/Users/nandre/src/pico-sdk/src/rp2_common/pico_standard_link/crt0.S.obj
                0x0000000010000100                __VECTOR_TABLE
                0x0000000010000100                __vectors
                0x00000000100001c0                __default_isrs_start
                0x00000000100001c0                isr_invalid
                0x00000000100001c2                isr_nmi
                0x00000000100001c4                isr_hardfault
                0x00000000100001c6                isr_svcall
                0x00000000100001c8                isr_pendsv
                0x00000000100001ca                isr_systick
                0x00000000100001cc                isr_irq28
                0x00000000100001cc                isr_irq19
                0x00000000100001cc                isr_irq0
                0x00000000100001cc                isr_irq6
                0x00000000100001cc                isr_irq22
                0x00000000100001cc                isr_irq17
                0x00000000100001cc                isr_irq14
                0x00000000100001cc                isr_irq2
                0x00000000100001cc                isr_irq10
                0x00000000100001cc                isr_irq8
                0x00000000100001cc                isr_irq24
                0x00000000100001cc                isr_irq1
                0x00000000100001cc                isr_irq7
                0x00000000100001cc                isr_irq21
                0x00000000100001cc                isr_irq20
                0x00000000100001cc                isr_irq15
                0x00000000100001cc                isr_irq25
                0x00000000100001cc                isr_irq4
                0x00000000100001cc                isr_irq16
                0x00000000100001cc                isr_irq29
                0x00000000100001cc                isr_irq26
                0x00000000100001cc                __default_isrs_end
                0x00000000100001cc                isr_irq3
                0x00000000100001cc                isr_irq9
                0x00000000100001cc                __unhandled_user_irq
                0x00000000100001cc                isr_irq13
                0x00000000100001cc                isr_irq27
                0x00000000100001cc                isr_irq31
                0x00000000100001cc                isr_irq5
                0x00000000100001cc                isr_irq11
                0x00000000100001cc                isr_irq23
                0x00000000100001cc                isr_irq18
                0x00000000100001cc                isr_irq30
                0x00000000100001cc                isr_irq12
                0x00000000100001d2                unhandled_user_irq_num_in_r0
 *(.binary_info_header)
 .binary_info_header
                0x00000000100001d4       0x14 CMakeFiles/dnvt-switch.dir/Users/nandre/src/pico-sdk/src/rp2_common/pico_standard_link/crt0.S.obj
                0x00000000100001e8                __binary_info_header_end = .
 *(.reset)
 .reset         0x00000000100001e8       0xa8 CMakeFiles/dnvt-switch.dir/Users/nandre/src/pico-sdk/src/rp2_common/pico_standard_link/crt0.S.obj
                0x00000000100001e8                _entry_point
                0x0000000010000266                __get_current_exception
 .reset         0x0000000010000290       0x30 CMakeFiles/dnvt-switch.dir/Users/nandre/src/pico-sdk/src/rp2_common/pico_standard_link/binary_info.c.obj
 *(.init)
 .init          0x00000000100002c0        0x4 /usr/local/Cellar/arm-none-eabi-gcc/10.3-2021.07/gcc/bin/../lib/gcc/arm-none-eabi/10.3.1/thumb/v6-m/nofp/crti.o
                0x00000000100002c0                _init
 *(EXCLUDE_FILE(*libm.a: *libc.a:*lib_a-mem*.o *libgcc.a:) .text*)
 .text          0x00000000100002c4       0x48 /usr/local/Cellar/arm-none-eabi-gcc/10.3-2021.07/gcc/bin/../lib/gcc/arm-none-eabi/10.3.1/thumb/v6-m/nofp/crtbegin.o
 .text.core1_entry
                0x000000001000030c        0xe CMakeFiles/dnvt-switch.dir/dnvt-switch.c.obj
                0x000000001000030c                core1_entry
 *fill*         0x000000001000031a        0x2 
 .text.main     0x000000001000031c       0x48 CMakeFiles/dnvt-switch.dir/dnvt-switch.c.obj
                0x000000001000031c                main
 .text.ssd1306_init
                0x0000000010000364      0x110 CMakeFiles/dnvt-switch.dir/ssd1306.c.obj
                0x0000000010000364                ssd1306_init
 .text.ssd1306_clear
                0x0000000010000474       0x10 CMakeFiles/dnvt-switch.dir/ssd1306.c.obj
                0x0000000010000474                ssd1306_clear
 .text.ssd1306_draw_pixel
                0x0000000010000484       0x26 CMakeFiles/dnvt-switch.dir/ssd1306.c.obj
                0x0000000010000484                ssd1306_draw_pixel
 .text.ssd1306_draw_line
                0x00000000100004aa       0x90 CMakeFiles/dnvt-switch.dir/ssd1306.c.obj
                0x00000000100004aa                ssd1306_draw_line
 .text.ssd1306_draw_square
                0x000000001000053a       0x3e CMakeFiles/dnvt-switch.dir/ssd1306.c.obj
                0x000000001000053a                ssd1306_draw_square
 .text.ssd1306_draw_char_with_font
                0x0000000010000578       0x7c CMakeFiles/dnvt-switch.dir/ssd1306.c.obj
                0x0000000010000578                ssd1306_draw_char_with_font
 .text.ssd1306_draw_string_with_font
                0x00000000100005f4       0x42 CMakeFiles/dnvt-switch.dir/ssd1306.c.obj
                0x00000000100005f4                ssd1306_draw_string_with_font
 *fill*         0x0000000010000636        0x2 
 .text.ssd1306_draw_string
                0x0000000010000638       0x18 CMakeFiles/dnvt-switch.dir/ssd1306.c.obj
                0x0000000010000638                ssd1306_draw_string
 .text.ssd1306_show
                0x0000000010000650       0xbc CMakeFiles/dnvt-switch.dir/ssd1306.c.obj
                0x0000000010000650                ssd1306_show
 .text.match_codeword
                0x000000001000070c       0x44 CMakeFiles/dnvt-switch.dir/process_phones.c.obj
                0x000000001000070c                match_codeword
 .text.create_codeword_word
                0x0000000010000750       0x12 CMakeFiles/dnvt-switch.dir/process_phones.c.obj
                0x0000000010000750                create_codeword_word
 .text.determine_digit
                0x0000000010000762      0x106 CMakeFiles/dnvt-switch.dir/process_phones.c.obj
                0x0000000010000762                determine_digit
 .text.phone_task
                0x0000000010000868      0xa54 CMakeFiles/dnvt-switch.dir/process_phones.c.obj
                0x0000000010000868                phone_task
 .text.init_phones
                0x00000000100012bc      0x2f0 CMakeFiles/dnvt-switch.dir/process_phones.c.obj
                0x00000000100012bc                init_phones
 .text.update_display
                0x00000000100015ac      0x188 CMakeFiles/dnvt-switch.dir/display.c.obj
                0x00000000100015ac                update_display
 .text.init_display
                0x0000000010001734       0x54 CMakeFiles/dnvt-switch.dir/display.c.obj
                0x0000000010001734                init_display
 .text.scale_counters
                0x0000000010001788       0x30 CMakeFiles/dnvt-switch.dir/load_calculator.c.obj
                0x0000000010001788                scale_counters
 .text.load_counter_start_work
                0x00000000100017b8       0x3c CMakeFiles/dnvt-switch.dir/load_calculator.c.obj
                0x00000000100017b8                load_counter_start_work
 .text.load_counter_stop_work
                0x00000000100017f4       0x44 CMakeFiles/dnvt-switch.dir/load_calculator.c.obj
                0x00000000100017f4                load_counter_stop_work
 .text.get_load
                0x0000000010001838       0x2c CMakeFiles/dnvt-switch.dir/load_calculator.c.obj
                0x0000000010001838                get_load
 .text.gpio_set_function
                0x0000000010001864       0x30 CMakeFiles/dnvt-switch.dir/Users/nandre/src/pico-sdk/src/rp2_common/hardware_gpio/gpio.c.obj
                0x0000000010001864                gpio_set_function
 .text.gpio_set_pulls
                0x0000000010001894       0x34 CMakeFiles/dnvt-switch.dir/Users/nandre/src/pico-sdk/src/rp2_common/hardware_gpio/gpio.c.obj
                0x0000000010001894                gpio_set_pulls
 .text.gpio_init
                0x00000000100018c8       0x16 CMakeFiles/dnvt-switch.dir/Users/nandre/src/pico-sdk/src/rp2_common/hardware_gpio/gpio.c.obj
                0x00000000100018c8                gpio_init
 *fill*         0x00000000100018de        0x2 
 .text.hw_claim_lock
                0x00000000100018e0       0x18 CMakeFiles/dnvt-switch.dir/Users/nandre/src/pico-sdk/src/rp2_common/hardware_claim/claim.c.obj
                0x00000000100018e0                hw_claim_lock
 .text.hw_claim_unlock
                0x00000000100018f8       0x14 CMakeFiles/dnvt-switch.dir/Users/nandre/src/pico-sdk/src/rp2_common/hardware_claim/claim.c.obj
                0x00000000100018f8                hw_claim_unlock
 .text.hw_claim_or_assert
                0x000000001000190c       0x32 CMakeFiles/dnvt-switch.dir/Users/nandre/src/pico-sdk/src/rp2_common/hardware_claim/claim.c.obj
                0x000000001000190c                hw_claim_or_assert
 .text.hw_claim_unused_from_range
                0x000000001000193e       0x50 CMakeFiles/dnvt-switch.dir/Users/nandre/src/pico-sdk/src/rp2_common/hardware_claim/claim.c.obj
                0x000000001000193e                hw_claim_unused_from_range
 *fill*         0x000000001000198e        0x2 
 .text.running_on_fpga
                0x0000000010001990       0x14 CMakeFiles/dnvt-switch.dir/Users/nandre/src/pico-sdk/src/rp2_common/pico_platform/platform.c.obj
                0x0000000010001990                running_on_fpga
 .text.spin_locks_reset
                0x00000000100019a4       0x20 CMakeFiles/dnvt-switch.dir/Users/nandre/src/pico-sdk/src/rp2_common/hardware_sync/sync.c.obj
                0x00000000100019a4                spin_locks_reset
 .text.next_striped_spin_lock_num
                0x00000000100019c4       0x1c CMakeFiles/dnvt-switch.dir/Users/nandre/src/pico-sdk/src/rp2_common/hardware_sync/sync.c.obj
                0x00000000100019c4                next_striped_spin_lock_num
 .text.spin_lock_claim_unused
                0x00000000100019e0       0x20 CMakeFiles/dnvt-switch.dir/Users/nandre/src/pico-sdk/src/rp2_common/hardware_sync/sync.c.obj
                0x00000000100019e0                spin_lock_claim_unused
 .text.set_raw_irq_handler_and_unlock
                0x0000000010001a00       0x28 CMakeFiles/dnvt-switch.dir/Users/nandre/src/pico-sdk/src/rp2_common/hardware_irq/irq.c.obj
 .text.make_branch
                0x0000000010001a28       0x48 CMakeFiles/dnvt-switch.dir/Users/nandre/src/pico-sdk/src/rp2_common/hardware_irq/irq.c.obj
 .text.insert_branch_and_link
                0x0000000010001a70       0x40 CMakeFiles/dnvt-switch.dir/Users/nandre/src/pico-sdk/src/rp2_common/hardware_irq/irq.c.obj
 .text.irq_is_enabled
                0x0000000010001ab0       0x18 CMakeFiles/dnvt-switch.dir/Users/nandre/src/pico-sdk/src/rp2_common/hardware_irq/irq.c.obj
                0x0000000010001ab0                irq_is_enabled
 .text.irq_set_mask_enabled
                0x0000000010001ac8       0x20 CMakeFiles/dnvt-switch.dir/Users/nandre/src/pico-sdk/src/rp2_common/hardware_irq/irq.c.obj
                0x0000000010001ac8                irq_set_mask_enabled
 .text.irq_set_enabled
                0x0000000010001ae8        0xe CMakeFiles/dnvt-switch.dir/Users/nandre/src/pico-sdk/src/rp2_common/hardware_irq/irq.c.obj
                0x0000000010001ae8                irq_set_enabled
 *fill*         0x0000000010001af6        0x2 
 .text.irq_set_pending
                0x0000000010001af8       0x10 CMakeFiles/dnvt-switch.dir/Users/nandre/src/pico-sdk/src/rp2_common/hardware_irq/irq.c.obj
                0x0000000010001af8                irq_set_pending
 .text.irq_get_vtable_handler
                0x0000000010001b08       0x10 CMakeFiles/dnvt-switch.dir/Users/nandre/src/pico-sdk/src/rp2_common/hardware_irq/irq.c.obj
                0x0000000010001b08                irq_get_vtable_handler
 .text.irq_has_shared_handler
                0x0000000010001b18       0x24 CMakeFiles/dnvt-switch.dir/Users/nandre/src/pico-sdk/src/rp2_common/hardware_irq/irq.c.obj
                0x0000000010001b18                irq_has_shared_handler
 .text.irq_set_exclusive_handler
                0x0000000010001b3c       0x54 CMakeFiles/dnvt-switch.dir/Users/nandre/src/pico-sdk/src/rp2_common/hardware_irq/irq.c.obj
                0x0000000010001b3c                irq_set_exclusive_handler
 .text.irq_add_shared_handler
                0x0000000010001b90      0x230 CMakeFiles/dnvt-switch.dir/Users/nandre/src/pico-sdk/src/rp2_common/hardware_irq/irq.c.obj
                0x0000000010001b90                irq_add_shared_handler
 .text.irq_remove_handler
                0x0000000010001dc0      0x1a8 CMakeFiles/dnvt-switch.dir/Users/nandre/src/pico-sdk/src/rp2_common/hardware_irq/irq.c.obj
                0x0000000010001dc0                irq_remove_handler
 .text.irq_add_tail_to_free_list
                0x0000000010001f68       0xf0 CMakeFiles/dnvt-switch.dir/Users/nandre/src/pico-sdk/src/rp2_common/hardware_irq/irq.c.obj
                0x0000000010001f68                irq_add_tail_to_free_list
 .text.irq_init_priorities
                0x0000000010002058       0x1c CMakeFiles/dnvt-switch.dir/Users/nandre/src/pico-sdk/src/rp2_common/hardware_irq/irq.c.obj
                0x0000000010002058                irq_init_priorities
 .text.user_irq_claim_unused
                0x0000000010002074       0x30 CMakeFiles/dnvt-switch.dir/Users/nandre/src/pico-sdk/src/rp2_common/hardware_irq/irq.c.obj
                0x0000000010002074                user_irq_claim_unused
 .text.lock_init
                0x00000000100020a4       0x10 CMakeFiles/dnvt-switch.dir/Users/nandre/src/pico-sdk/src/common/pico_sync/lock_core.c.obj
                0x00000000100020a4                lock_init
 .text.alarm_pool_post_alloc_init
                0x00000000100020b4       0x40 CMakeFiles/dnvt-switch.dir/Users/nandre/src/pico-sdk/src/common/pico_time/time.c.obj
 .text.sleep_until_callback
                0x00000000100020f4       0x30 CMakeFiles/dnvt-switch.dir/Users/nandre/src/pico-sdk/src/common/pico_time/time.c.obj
 .text.timer_pool_entry_comparator
                0x0000000010002124       0x7c CMakeFiles/dnvt-switch.dir/Users/nandre/src/pico-sdk/src/common/pico_time/time.c.obj
                0x0000000010002124                timer_pool_entry_comparator
 .text.ph_add_child_node
                0x00000000100021a0       0xa4 CMakeFiles/dnvt-switch.dir/Users/nandre/src/pico-sdk/src/common/pico_time/time.c.obj
 .text.ph_merge_nodes
                0x0000000010002244       0x3e CMakeFiles/dnvt-switch.dir/Users/nandre/src/pico-sdk/src/common/pico_time/time.c.obj
 *fill*         0x0000000010002282        0x2 
 .text.add_alarm_under_lock
                0x0000000010002284      0x174 CMakeFiles/dnvt-switch.dir/Users/nandre/src/pico-sdk/src/common/pico_time/time.c.obj
 .text.alarm_pool_alarm_callback
                0x00000000100023f8      0x328 CMakeFiles/dnvt-switch.dir/Users/nandre/src/pico-sdk/src/common/pico_time/time.c.obj
 .text.alarm_pool_init_default
                0x0000000010002720       0x38 CMakeFiles/dnvt-switch.dir/Users/nandre/src/pico-sdk/src/common/pico_time/time.c.obj
                0x0000000010002720                alarm_pool_init_default
 .text.alarm_pool_get_default
                0x0000000010002758       0x2c CMakeFiles/dnvt-switch.dir/Users/nandre/src/pico-sdk/src/common/pico_time/time.c.obj
                0x0000000010002758                alarm_pool_get_default
 .text.alarm_pool_add_alarm_at
                0x0000000010002784      0x170 CMakeFiles/dnvt-switch.dir/Users/nandre/src/pico-sdk/src/common/pico_time/time.c.obj
                0x0000000010002784                alarm_pool_add_alarm_at
 .text.alarm_pool_cancel_alarm
                0x00000000100028f4       0xf0 CMakeFiles/dnvt-switch.dir/Users/nandre/src/pico-sdk/src/common/pico_time/time.c.obj
                0x00000000100028f4                alarm_pool_cancel_alarm
 .text.sleep_until
                0x00000000100029e4       0xfc CMakeFiles/dnvt-switch.dir/Users/nandre/src/pico-sdk/src/common/pico_time/time.c.obj
                0x00000000100029e4                sleep_until
 .text.sleep_us
                0x0000000010002ae0       0x58 CMakeFiles/dnvt-switch.dir/Users/nandre/src/pico-sdk/src/common/pico_time/time.c.obj
                0x0000000010002ae0                sleep_us
 .text.sleep_ms
                0x0000000010002b38       0x14 CMakeFiles/dnvt-switch.dir/Users/nandre/src/pico-sdk/src/common/pico_time/time.c.obj
                0x0000000010002b38                sleep_ms
 .text.best_effort_wfe_or_timeout
                0x0000000010002b4c       0x80 CMakeFiles/dnvt-switch.dir/Users/nandre/src/pico-sdk/src/common/pico_time/time.c.obj
                0x0000000010002b4c                best_effort_wfe_or_timeout
 .text.hardware_alarm_irq_handler
                0x0000000010002bcc       0x8c CMakeFiles/dnvt-switch.dir/Users/nandre/src/pico-sdk/src/rp2_common/hardware_timer/timer.c.obj
 .text.hardware_alarm_claim
                0x0000000010002c58       0x18 CMakeFiles/dnvt-switch.dir/Users/nandre/src/pico-sdk/src/rp2_common/hardware_timer/timer.c.obj
                0x0000000010002c58                hardware_alarm_claim
 .text.time_us_64
                0x0000000010002c70       0x18 CMakeFiles/dnvt-switch.dir/Users/nandre/src/pico-sdk/src/rp2_common/hardware_timer/timer.c.obj
                0x0000000010002c70                time_us_64
 .text.busy_wait_until
                0x0000000010002c88       0x28 CMakeFiles/dnvt-switch.dir/Users/nandre/src/pico-sdk/src/rp2_common/hardware_timer/timer.c.obj
                0x0000000010002c88                busy_wait_until
 .text.hardware_alarm_set_callback
                0x0000000010002cb0       0x90 CMakeFiles/dnvt-switch.dir/Users/nandre/src/pico-sdk/src/rp2_common/hardware_timer/timer.c.obj
                0x0000000010002cb0                hardware_alarm_set_callback
 .text.hardware_alarm_set_target
                0x0000000010002d40       0xe8 CMakeFiles/dnvt-switch.dir/Users/nandre/src/pico-sdk/src/rp2_common/hardware_timer/timer.c.obj
                0x0000000010002d40                hardware_alarm_set_target
 .text.hardware_alarm_cancel
                0x0000000010002e28       0x40 CMakeFiles/dnvt-switch.dir/Users/nandre/src/pico-sdk/src/rp2_common/hardware_timer/timer.c.obj
                0x0000000010002e28                hardware_alarm_cancel
 .text.ph_add_child_node
                0x0000000010002e68       0xa4 CMakeFiles/dnvt-switch.dir/Users/nandre/src/pico-sdk/src/common/pico_util/pheap.c.obj
 .text.ph_merge_nodes
                0x0000000010002f0c       0x3e CMakeFiles/dnvt-switch.dir/Users/nandre/src/pico-sdk/src/common/pico_util/pheap.c.obj
 *fill*         0x0000000010002f4a        0x2 
 .text.ph_clear
                0x0000000010002f4c       0x70 CMakeFiles/dnvt-switch.dir/Users/nandre/src/pico-sdk/src/common/pico_util/pheap.c.obj
                0x0000000010002f4c                ph_clear
 .text.ph_post_alloc_init
                0x0000000010002fbc        0xe CMakeFiles/dnvt-switch.dir/Users/nandre/src/pico-sdk/src/common/pico_util/pheap.c.obj
                0x0000000010002fbc                ph_post_alloc_init
 *fill*         0x0000000010002fca        0x2 
 .text.ph_merge_two_pass
                0x0000000010002fcc       0xa8 CMakeFiles/dnvt-switch.dir/Users/nandre/src/pico-sdk/src/common/pico_util/pheap.c.obj
                0x0000000010002fcc                ph_merge_two_pass
 .text.ph_remove_any_head
                0x0000000010003074      0x108 CMakeFiles/dnvt-switch.dir/Users/nandre/src/pico-sdk/src/common/pico_util/pheap.c.obj
 .text.ph_remove_head
                0x000000001000317c       0x14 CMakeFiles/dnvt-switch.dir/Users/nandre/src/pico-sdk/src/common/pico_util/pheap.c.obj
                0x000000001000317c                ph_remove_head
 .text.ph_remove_and_free_node
                0x0000000010003190       0xf8 CMakeFiles/dnvt-switch.dir/Users/nandre/src/pico-sdk/src/common/pico_util/pheap.c.obj
                0x0000000010003190                ph_remove_and_free_node
 .text.mutex_init
                0x0000000010003288       0x1a CMakeFiles/dnvt-switch.dir/Users/nandre/src/pico-sdk/src/common/pico_sync/mutex.c.obj
                0x0000000010003288                mutex_init
 .text.recursive_mutex_init
                0x00000000100032a2       0x1e CMakeFiles/dnvt-switch.dir/Users/nandre/src/pico-sdk/src/common/pico_sync/mutex.c.obj
                0x00000000100032a2                recursive_mutex_init
 .text.critical_section_init_with_lock_num
                0x00000000100032c0       0x14 CMakeFiles/dnvt-switch.dir/Users/nandre/src/pico-sdk/src/common/pico_sync/critical_section.c.obj
                0x00000000100032c0                critical_section_init_with_lock_num
 .text.critical_section_init
                0x00000000100032d4       0x14 CMakeFiles/dnvt-switch.dir/Users/nandre/src/pico-sdk/src/common/pico_sync/critical_section.c.obj
                0x00000000100032d4                critical_section_init
 .text._exit    0x00000000100032e8        0x4 CMakeFiles/dnvt-switch.dir/Users/nandre/src/pico-sdk/src/rp2_common/pico_runtime/runtime.c.obj
                0x00000000100032e8                _exit
 .text._sbrk    0x00000000100032ec       0x38 CMakeFiles/dnvt-switch.dir/Users/nandre/src/pico-sdk/src/rp2_common/pico_runtime/runtime.c.obj
                0x00000000100032ec                _sbrk
 .text.exit     0x0000000010003324        0x6 CMakeFiles/dnvt-switch.dir/Users/nandre/src/pico-sdk/src/rp2_common/pico_runtime/runtime.c.obj
                0x0000000010003324                exit
 *fill*         0x000000001000332a        0x2 
 .text.__assert_func
                0x000000001000332c       0x3c CMakeFiles/dnvt-switch.dir/Users/nandre/src/pico-sdk/src/rp2_common/pico_runtime/runtime.c.obj
                0x000000001000332c                __assert_func
 .text.runtime_init
                0x0000000010003368       0xf8 CMakeFiles/dnvt-switch.dir/Users/nandre/src/pico-sdk/src/rp2_common/pico_runtime/runtime.c.obj
                0x0000000010003368                runtime_init
 .text.panic    0x0000000010003460       0x30 CMakeFiles/dnvt-switch.dir/Users/nandre/src/pico-sdk/src/rp2_common/pico_runtime/runtime.c.obj
                0x0000000010003460                panic
 .text.clock_configure
                0x0000000010003490      0x104 CMakeFiles/dnvt-switch.dir/Users/nandre/src/pico-sdk/src/rp2_common/hardware_clocks/clocks.c.obj
                0x0000000010003490                clock_configure
 .text.clocks_init
                0x0000000010003594      0x100 CMakeFiles/dnvt-switch.dir/Users/nandre/src/pico-sdk/src/rp2_common/hardware_clocks/clocks.c.obj
                0x0000000010003594                clocks_init
 .text.clock_get_hz
                0x0000000010003694        0xc CMakeFiles/dnvt-switch.dir/Users/nandre/src/pico-sdk/src/rp2_common/hardware_clocks/clocks.c.obj
                0x0000000010003694                clock_get_hz
 .text.pll_init
                0x00000000100036a0      0x140 CMakeFiles/dnvt-switch.dir/Users/nandre/src/pico-sdk/src/rp2_common/hardware_pll/pll.c.obj
                0x00000000100036a0                pll_init
 .text.watchdog_start_tick
                0x00000000100037e0       0x10 CMakeFiles/dnvt-switch.dir/Users/nandre/src/pico-sdk/src/rp2_common/hardware_watchdog/watchdog.c.obj
                0x00000000100037e0                watchdog_start_tick
 .text.watchdog_update
                0x00000000100037f0       0x14 CMakeFiles/dnvt-switch.dir/Users/nandre/src/pico-sdk/src/rp2_common/hardware_watchdog/watchdog.c.obj
                0x00000000100037f0                watchdog_update
 .text._watchdog_enable
                0x0000000010003804       0x78 CMakeFiles/dnvt-switch.dir/Users/nandre/src/pico-sdk/src/rp2_common/hardware_watchdog/watchdog.c.obj
                0x0000000010003804                _watchdog_enable
 .text.watchdog_reboot
                0x000000001000387c       0x48 CMakeFiles/dnvt-switch.dir/Users/nandre/src/pico-sdk/src/rp2_common/hardware_watchdog/watchdog.c.obj
                0x000000001000387c                watchdog_reboot
 .text.xosc_init
                0x00000000100038c4       0x28 CMakeFiles/dnvt-switch.dir/Users/nandre/src/pico-sdk/src/rp2_common/hardware_xosc/xosc.c.obj
                0x00000000100038c4                xosc_init
 .text._out_buffer
                0x00000000100038ec        0x8 CMakeFiles/dnvt-switch.dir/Users/nandre/src/pico-sdk/src/rp2_common/pico_printf/printf.c.obj
 .text._out_null
                0x00000000100038f4        0x2 CMakeFiles/dnvt-switch.dir/Users/nandre/src/pico-sdk/src/rp2_common/pico_printf/printf.c.obj
 .text._out_fct
                0x00000000100038f6        0xe CMakeFiles/dnvt-switch.dir/Users/nandre/src/pico-sdk/src/rp2_common/pico_printf/printf.c.obj
 .text._atoi    0x0000000010003904       0x24 CMakeFiles/dnvt-switch.dir/Users/nandre/src/pico-sdk/src/rp2_common/pico_printf/printf.c.obj
 .text._out_rev
                0x0000000010003928       0xae CMakeFiles/dnvt-switch.dir/Users/nandre/src/pico-sdk/src/rp2_common/pico_printf/printf.c.obj
 .text._ntoa_format
                0x00000000100039d6      0x112 CMakeFiles/dnvt-switch.dir/Users/nandre/src/pico-sdk/src/rp2_common/pico_printf/printf.c.obj
 .text._ntoa_long
                0x0000000010003ae8       0xbc CMakeFiles/dnvt-switch.dir/Users/nandre/src/pico-sdk/src/rp2_common/pico_printf/printf.c.obj
 .text._ntoa_long_long
                0x0000000010003ba4       0xe2 CMakeFiles/dnvt-switch.dir/Users/nandre/src/pico-sdk/src/rp2_common/pico_printf/printf.c.obj
 *fill*         0x0000000010003c86        0x2 
 .text._etoa    0x0000000010003c88      0x414 CMakeFiles/dnvt-switch.dir/Users/nandre/src/pico-sdk/src/rp2_common/pico_printf/printf.c.obj
 .text._ftoa    0x000000001000409c      0x354 CMakeFiles/dnvt-switch.dir/Users/nandre/src/pico-sdk/src/rp2_common/pico_printf/printf.c.obj
 .text._vsnprintf
                0x00000000100043f0      0x624 CMakeFiles/dnvt-switch.dir/Users/nandre/src/pico-sdk/src/rp2_common/pico_printf/printf.c.obj
 .text.__wrap_sprintf
                0x0000000010004a14       0x28 CMakeFiles/dnvt-switch.dir/Users/nandre/src/pico-sdk/src/rp2_common/pico_printf/printf.c.obj
                0x0000000010004a14                __wrap_sprintf
 .text.vfctprintf
                0x0000000010004a3c       0x20 CMakeFiles/dnvt-switch.dir/Users/nandre/src/pico-sdk/src/rp2_common/pico_printf/printf.c.obj
                0x0000000010004a3c                vfctprintf
 .text          0x0000000010004a5c       0x10 CMakeFiles/dnvt-switch.dir/Users/nandre/src/pico-sdk/src/rp2_common/pico_bit_ops/bit_ops_aeabi.S.obj
 .text.ctzsi    0x0000000010004a6c        0xc CMakeFiles/dnvt-switch.dir/Users/nandre/src/pico-sdk/src/rp2_common/pico_bit_ops/bit_ops_aeabi.S.obj
                0x0000000010004a6c                __wrap___ctzsi2
 .text.rom_func_lookup
                0x0000000010004a78       0x10 CMakeFiles/dnvt-switch.dir/Users/nandre/src/pico-sdk/src/rp2_common/pico_bootrom/bootrom.c.obj
                0x0000000010004a78                rom_func_lookup
 .text.rom_data_lookup
                0x0000000010004a88       0x10 CMakeFiles/dnvt-switch.dir/Users/nandre/src/pico-sdk/src/rp2_common/pico_bootrom/bootrom.c.obj
                0x0000000010004a88                rom_data_lookup
 .text.rom_funcs_lookup
                0x0000000010004a98       0x36 CMakeFiles/dnvt-switch.dir/Users/nandre/src/pico-sdk/src/rp2_common/pico_bootrom/bootrom.c.obj
                0x0000000010004a98                rom_funcs_lookup
 *fill*         0x0000000010004ace        0x2 
 .text.__wrap___aeabi_idiv
                0x0000000010004ad0       0x50 CMakeFiles/dnvt-switch.dir/Users/nandre/src/pico-sdk/src/rp2_common/pico_divider/divider.S.obj
                0x0000000010004ad0                __wrap___aeabi_idivmod
                0x0000000010004ad0                divmod_s32s32
                0x0000000010004ad0                div_s32s32
                0x0000000010004ad0                __wrap___aeabi_idiv
                0x0000000010004ad8                divmod_s32s32_unsafe
                0x0000000010004b04                divmod_s32s32_savestate
 .text.__wrap___aeabi_uidiv
                0x0000000010004b20       0x4c CMakeFiles/dnvt-switch.dir/Users/nandre/src/pico-sdk/src/rp2_common/pico_divider/divider.S.obj
                0x0000000010004b20                __wrap___aeabi_uidiv
                0x0000000010004b20                __wrap___aeabi_uidivmod
                0x0000000010004b20                div_u32u32
                0x0000000010004b20                divmod_u32u32
                0x0000000010004b28                divmod_u32u32_unsafe
                0x0000000010004b50                divmod_u32u32_savestate
 .text.__wrap___aeabi_ldiv
                0x0000000010004b6c      0x434 CMakeFiles/dnvt-switch.dir/Users/nandre/src/pico-sdk/src/rp2_common/pico_divider/divider.S.obj
                0x0000000010004b6c                __wrap___aeabi_ldivmod
                0x0000000010004b6c                div_s64s64
                0x0000000010004b6c                divmod_s64s64
                0x0000000010004ba4                divmod_u64u64
                0x0000000010004ba4                div_u64u64
                0x0000000010004ba4                __wrap___aeabi_uldivmod
                0x0000000010004bb4                divmod_u64u64_savestate
                0x0000000010004bdc                divmod_s64s64_unsafe
                0x0000000010004c64                divmod_u64u64_unsafe
 .text.__wrap___aeabi_darithmetic
                0x0000000010004fa0       0x80 CMakeFiles/dnvt-switch.dir/Users/nandre/src/pico-sdk/src/rp2_common/pico_double/double_aeabi.S.obj
                0x0000000010004fa0                __wrap___aeabi_drsub
                0x0000000010004fa6                __wrap___aeabi_dsub
                0x0000000010004fb8                __wrap___aeabi_dadd
                0x0000000010004fca                __wrap___aeabi_ddiv
                0x0000000010005006                __wrap___aeabi_dmul
 .text.__wrap___aeabi_cdcmple
                0x0000000010005020       0x6c CMakeFiles/dnvt-switch.dir/Users/nandre/src/pico-sdk/src/rp2_common/pico_double/double_aeabi.S.obj
                0x0000000010005020                __wrap___aeabi_cdrcmple
                0x0000000010005030                __wrap___aeabi_cdcmple
                0x0000000010005030                __wrap___aeabi_cdcmpeq
 .text.__wrap___aeabi_dcmplt
                0x000000001000508c        0xc CMakeFiles/dnvt-switch.dir/Users/nandre/src/pico-sdk/src/rp2_common/pico_double/double_aeabi.S.obj
                0x000000001000508c                __wrap___aeabi_dcmplt
 .text.__wrap___aeabi_dcmple
                0x0000000010005098       0x10 CMakeFiles/dnvt-switch.dir/Users/nandre/src/pico-sdk/src/rp2_common/pico_double/double_aeabi.S.obj
                0x0000000010005098                __wrap___aeabi_dcmple
 .text.__wrap___aeabi_dcmpge
                0x00000000100050a8       0x10 CMakeFiles/dnvt-switch.dir/Users/nandre/src/pico-sdk/src/rp2_common/pico_double/double_aeabi.S.obj
                0x00000000100050a8                __wrap___aeabi_dcmpge
 .text.__wrap___aeabi_dcmpgt
                0x00000000100050b8        0xa CMakeFiles/dnvt-switch.dir/Users/nandre/src/pico-sdk/src/rp2_common/pico_double/double_aeabi.S.obj
                0x00000000100050b8                __wrap___aeabi_dcmpgt
 .text.__wrap___aeabi_dcmpun
                0x00000000100050c2       0x1c CMakeFiles/dnvt-switch.dir/Users/nandre/src/pico-sdk/src/rp2_common/pico_double/double_aeabi.S.obj
                0x00000000100050c2                __wrap___aeabi_dcmpun
 *fill*         0x00000000100050de        0x2 
 .text.__wrap___aeabi_i2d
                0x00000000100050e0       0x38 CMakeFiles/dnvt-switch.dir/Users/nandre/src/pico-sdk/src/rp2_common/pico_double/double_aeabi.S.obj
                0x00000000100050e0                __wrap___aeabi_ui2d
                0x00000000100050e8                __wrap___aeabi_i2d
 .text.__wrap___aeabi_d2iz
                0x0000000010005118       0x48 CMakeFiles/dnvt-switch.dir/Users/nandre/src/pico-sdk/src/rp2_common/pico_double/double_aeabi.S.obj
                0x0000000010005118                __wrap___aeabi_d2iz
                0x0000000010005118                double2int_z
 .text.__wrap___aeabi_d2uiz
                0x0000000010005160       0x18 CMakeFiles/dnvt-switch.dir/Users/nandre/src/pico-sdk/src/rp2_common/pico_double/double_aeabi.S.obj
                0x0000000010005160                double2uint
                0x0000000010005160                __wrap___aeabi_d2uiz
 .text.__aeabi_double_init
                0x0000000010005178       0xc8 CMakeFiles/dnvt-switch.dir/Users/nandre/src/pico-sdk/src/rp2_common/pico_double/double_init_rom.c.obj
                0x0000000010005178                __aeabi_double_init
 .text.double_table_shim_on_use_helper
                0x0000000010005240       0x34 CMakeFiles/dnvt-switch.dir/Users/nandre/src/pico-sdk/src/rp2_common/pico_double/double_v1_rom_shim.S.obj
                0x0000000010005240                double_table_shim_on_use_helper
 .text.__wrap___aeabi_dsub
                0x0000000010005274       0x10 CMakeFiles/dnvt-switch.dir/Users/nandre/src/pico-sdk/src/rp2_common/pico_double/double_v1_rom_shim.S.obj
                0x0000000010005274                drsub_shim
                0x000000001000527a                dsub_shim
 .text.dadd_shim
                0x0000000010005284      0x15c CMakeFiles/dnvt-switch.dir/Users/nandre/src/pico-sdk/src/rp2_common/pico_double/double_v1_rom_shim.S.obj
                0x0000000010005284                dadd_shim
 .text.dmul_shim
                0x00000000100053e0      0x15c CMakeFiles/dnvt-switch.dir/Users/nandre/src/pico-sdk/src/rp2_common/pico_double/double_v1_rom_shim.S.obj
                0x00000000100053e0                dmul_shim
 .text.ddiv_shim
                0x000000001000553c      0x1b0 CMakeFiles/dnvt-switch.dir/Users/nandre/src/pico-sdk/src/rp2_common/pico_double/double_v1_rom_shim.S.obj
                0x000000001000553c                ddiv_shim
 .text.double2uint_shim
                0x00000000100056ec        0xe CMakeFiles/dnvt-switch.dir/Users/nandre/src/pico-sdk/src/rp2_common/pico_double/double_v1_rom_shim.S.obj
                0x00000000100056ec                double2uint_shim
                0x00000000100056ee                double2ufix_shim
 *fill*         0x00000000100056fa        0x2 
 .text.double2uint64_shim
                0x00000000100056fc       0x70 CMakeFiles/dnvt-switch.dir/Users/nandre/src/pico-sdk/src/rp2_common/pico_double/double_v1_rom_shim.S.obj
                0x00000000100056fc                double2uint64_shim
                0x00000000100056fe                double2ufix64_shim
                0x000000001000571e                d2fix_a
 .text.dunpacks
                0x000000001000576c       0x3c CMakeFiles/dnvt-switch.dir/Users/nandre/src/pico-sdk/src/rp2_common/pico_double/double_v1_rom_shim.S.obj
                0x000000001000576c                dunpacks
 .text.__aeabi_lmul
                0x00000000100057a8       0x32 CMakeFiles/dnvt-switch.dir/Users/nandre/src/pico-sdk/src/rp2_common/pico_int64_ops/pico_int64_ops_aeabi.S.obj
                0x00000000100057a8                __wrap___aeabi_lmul
 *fill*         0x00000000100057da        0x2 
 .text.__wrap___aeabi_farithmetic
                0x00000000100057dc       0x58 CMakeFiles/dnvt-switch.dir/Users/nandre/src/pico-sdk/src/rp2_common/pico_float/float_aeabi.S.obj
                0x00000000100057dc                __wrap___aeabi_frsub
                0x00000000100057e2                __wrap___aeabi_fsub
                0x00000000100057ec                __wrap___aeabi_fadd
                0x00000000100057f6                __wrap___aeabi_fdiv
                0x0000000010005822                __wrap___aeabi_fmul
 .text.__wrap___aeabi_i2f
                0x0000000010005834       0x44 CMakeFiles/dnvt-switch.dir/Users/nandre/src/pico-sdk/src/rp2_common/pico_float/float_aeabi.S.obj
                0x0000000010005834                __wrap___aeabi_i2f
 .text.__wrap___aeabi_f2uiz
                0x0000000010005878       0x10 CMakeFiles/dnvt-switch.dir/Users/nandre/src/pico-sdk/src/rp2_common/pico_float/float_aeabi.S.obj
                0x0000000010005878                __wrap___aeabi_f2uiz
 .text.__aeabi_float_init
                0x0000000010005888       0xfc CMakeFiles/dnvt-switch.dir/Users/nandre/src/pico-sdk/src/rp2_common/pico_float/float_init_rom.c.obj
                0x0000000010005888                __aeabi_float_init
 .text.float_table_shim_on_use_helper
                0x0000000010005984       0x34 CMakeFiles/dnvt-switch.dir/Users/nandre/src/pico-sdk/src/rp2_common/pico_float/float_v1_rom_shim.S.obj
                0x0000000010005984                float_table_shim_on_use_helper
 .text.__wrap_malloc
                0x00000000100059b8       0x3c CMakeFiles/dnvt-switch.dir/Users/nandre/src/pico-sdk/src/rp2_common/pico_malloc/pico_malloc.c.obj
                0x00000000100059b8                __wrap_malloc
 .text          0x00000000100059f4       0x10 CMakeFiles/dnvt-switch.dir/Users/nandre/src/pico-sdk/src/rp2_common/pico_mem_ops/mem_ops_aeabi.S.obj
                0x00000000100059f4                __aeabi_mem_init
 .text.memset   0x0000000010005a04        0xc CMakeFiles/dnvt-switch.dir/Users/nandre/src/pico-sdk/src/rp2_common/pico_mem_ops/mem_ops_aeabi.S.obj
                0x0000000010005a04                __wrap_memset
 .text.memcpy   0x0000000010005a10        0xc CMakeFiles/dnvt-switch.dir/Users/nandre/src/pico-sdk/src/rp2_common/pico_mem_ops/mem_ops_aeabi.S.obj
                0x0000000010005a10                __wrap___aeabi_memcpy
                0x0000000010005a10                __wrap_memcpy
 .text.stdio_out_chars_no_crlf
                0x0000000010005a1c        0xe CMakeFiles/dnvt-switch.dir/Users/nandre/src/pico-sdk/src/rp2_common/pico_stdio/stdio.c.obj
 *fill*         0x0000000010005a2a        0x2 
 .text.stdio_out_chars_crlf
                0x0000000010005a2c       0x80 CMakeFiles/dnvt-switch.dir/Users/nandre/src/pico-sdk/src/rp2_common/pico_stdio/stdio.c.obj
 .text.stdio_stack_buffer_flush
                0x0000000010005aac       0x44 CMakeFiles/dnvt-switch.dir/Users/nandre/src/pico-sdk/src/rp2_common/pico_stdio/stdio.c.obj
 .text.stdio_buffered_printer
                0x0000000010005af0       0x20 CMakeFiles/dnvt-switch.dir/Users/nandre/src/pico-sdk/src/rp2_common/pico_stdio/stdio.c.obj
 .text.stdout_serialize_begin
                0x0000000010005b10       0x30 CMakeFiles/dnvt-switch.dir/Users/nandre/src/pico-sdk/src/rp2_common/pico_stdio/stdio.c.obj
                0x0000000010005b10                stdout_serialize_begin
 .text.stdout_serialize_end
                0x0000000010005b40       0x10 CMakeFiles/dnvt-switch.dir/Users/nandre/src/pico-sdk/src/rp2_common/pico_stdio/stdio.c.obj
                0x0000000010005b40                stdout_serialize_end
 .text.stdio_put_string
                0x0000000010005b50       0x98 CMakeFiles/dnvt-switch.dir/Users/nandre/src/pico-sdk/src/rp2_common/pico_stdio/stdio.c.obj
 .text.__wrap_putchar
                0x0000000010005be8       0x1c CMakeFiles/dnvt-switch.dir/Users/nandre/src/pico-sdk/src/rp2_common/pico_stdio/stdio.c.obj
                0x0000000010005be8                __wrap_putchar
 .text.stdio_set_driver_enabled
                0x0000000010005c04       0x2c CMakeFiles/dnvt-switch.dir/Users/nandre/src/pico-sdk/src/rp2_common/pico_stdio/stdio.c.obj
                0x0000000010005c04                stdio_set_driver_enabled
 .text.stdio_flush
                0x0000000010005c30       0x20 CMakeFiles/dnvt-switch.dir/Users/nandre/src/pico-sdk/src/rp2_common/pico_stdio/stdio.c.obj
                0x0000000010005c30                stdio_flush
 .text.__wrap_puts
                0x0000000010005c50       0x1e CMakeFiles/dnvt-switch.dir/Users/nandre/src/pico-sdk/src/rp2_common/pico_stdio/stdio.c.obj
                0x0000000010005c50                __wrap_puts
 *fill*         0x0000000010005c6e        0x2 
 .text.__wrap_vprintf
                0x0000000010005c70       0x44 CMakeFiles/dnvt-switch.dir/Users/nandre/src/pico-sdk/src/rp2_common/pico_stdio/stdio.c.obj
                0x0000000010005c70                __wrap_vprintf
 .text.__wrap_printf
                0x0000000010005cb4       0x18 CMakeFiles/dnvt-switch.dir/Users/nandre/src/pico-sdk/src/rp2_common/pico_stdio/stdio.c.obj
                0x0000000010005cb4                __wrap_printf
 .text.stdio_init_all
                0x0000000010005ccc        0x8 CMakeFiles/dnvt-switch.dir/Users/nandre/src/pico-sdk/src/rp2_common/pico_stdio/stdio.c.obj
                0x0000000010005ccc                stdio_init_all
 .text.resetd_init
                0x0000000010005cd4        0x2 CMakeFiles/dnvt-switch.dir/Users/nandre/src/pico-sdk/src/rp2_common/pico_stdio_usb/reset_interface.c.obj
 *fill*         0x0000000010005cd6        0x2 
 .text.resetd_reset
                0x0000000010005cd8        0xc CMakeFiles/dnvt-switch.dir/Users/nandre/src/pico-sdk/src/rp2_common/pico_stdio_usb/reset_interface.c.obj
 .text.resetd_open
                0x0000000010005ce4       0x34 CMakeFiles/dnvt-switch.dir/Users/nandre/src/pico-sdk/src/rp2_common/pico_stdio_usb/reset_interface.c.obj
 .text.resetd_xfer_cb
                0x0000000010005d18        0x4 CMakeFiles/dnvt-switch.dir/Users/nandre/src/pico-sdk/src/rp2_common/pico_stdio_usb/reset_interface.c.obj
 .text.reset_usb_boot
                0x0000000010005d1c       0x18 CMakeFiles/dnvt-switch.dir/Users/nandre/src/pico-sdk/src/rp2_common/pico_stdio_usb/reset_interface.c.obj
 .text.resetd_control_xfer_cb
                0x0000000010005d34       0x5c CMakeFiles/dnvt-switch.dir/Users/nandre/src/pico-sdk/src/rp2_common/pico_stdio_usb/reset_interface.c.obj
 .text.usbd_app_driver_get_cb
                0x0000000010005d90        0xc CMakeFiles/dnvt-switch.dir/Users/nandre/src/pico-sdk/src/rp2_common/pico_stdio_usb/reset_interface.c.obj
                0x0000000010005d90                usbd_app_driver_get_cb
 .text.tud_cdc_line_coding_cb
                0x0000000010005d9c       0x28 CMakeFiles/dnvt-switch.dir/Users/nandre/src/pico-sdk/src/rp2_common/pico_stdio_usb/reset_interface.c.obj
                0x0000000010005d9c                tud_cdc_line_coding_cb
 .text.stdio_usb_in_chars
                0x0000000010005dc4       0x70 CMakeFiles/dnvt-switch.dir/Users/nandre/src/pico-sdk/src/rp2_common/pico_stdio_usb/stdio_usb.c.obj
                0x0000000010005dc4                stdio_usb_in_chars
 .text.low_priority_worker_irq
                0x0000000010005e34       0x28 CMakeFiles/dnvt-switch.dir/Users/nandre/src/pico-sdk/src/rp2_common/pico_stdio_usb/stdio_usb.c.obj
 .text.stdio_usb_out_chars
                0x0000000010005e5c       0xe0 CMakeFiles/dnvt-switch.dir/Users/nandre/src/pico-sdk/src/rp2_common/pico_stdio_usb/stdio_usb.c.obj
 .text.timer_task
                0x0000000010005f3c       0x40 CMakeFiles/dnvt-switch.dir/Users/nandre/src/pico-sdk/src/rp2_common/pico_stdio_usb/stdio_usb.c.obj
 .text.usb_irq  0x0000000010005f7c       0x10 CMakeFiles/dnvt-switch.dir/Users/nandre/src/pico-sdk/src/rp2_common/pico_stdio_usb/stdio_usb.c.obj
 .text.stdio_usb_init
                0x0000000010005f8c       0xec CMakeFiles/dnvt-switch.dir/Users/nandre/src/pico-sdk/src/rp2_common/pico_stdio_usb/stdio_usb.c.obj
                0x0000000010005f8c                stdio_usb_init
 .text.tud_descriptor_device_cb
                0x0000000010006078        0x8 CMakeFiles/dnvt-switch.dir/Users/nandre/src/pico-sdk/src/rp2_common/pico_stdio_usb/stdio_usb_descriptors.c.obj
                0x0000000010006078                tud_descriptor_device_cb
 .text.tud_descriptor_configuration_cb
                0x0000000010006080        0x8 CMakeFiles/dnvt-switch.dir/Users/nandre/src/pico-sdk/src/rp2_common/pico_stdio_usb/stdio_usb_descriptors.c.obj
                0x0000000010006080                tud_descriptor_configuration_cb
 .text.tud_descriptor_string_cb
                0x0000000010006088       0x6c CMakeFiles/dnvt-switch.dir/Users/nandre/src/pico-sdk/src/rp2_common/pico_stdio_usb/stdio_usb_descriptors.c.obj
                0x0000000010006088                tud_descriptor_string_cb
 .text.hw_endpoint_get_by_addr
                0x00000000100060f4       0x18 CMakeFiles/dnvt-switch.dir/Users/nandre/src/pico-sdk/lib/tinyusb/src/portable/raspberrypi/rp2040/dcd_rp2040.c.obj
 .text._hw_endpoint_alloc
                0x000000001000610c       0x70 CMakeFiles/dnvt-switch.dir/Users/nandre/src/pico-sdk/lib/tinyusb/src/portable/raspberrypi/rp2040/dcd_rp2040.c.obj
 .text.hw_endpoint_init
                0x000000001000617c       0x88 CMakeFiles/dnvt-switch.dir/Users/nandre/src/pico-sdk/lib/tinyusb/src/portable/raspberrypi/rp2040/dcd_rp2040.c.obj
 .text.reset_non_control_endpoints
                0x0000000010006204       0x40 CMakeFiles/dnvt-switch.dir/Users/nandre/src/pico-sdk/lib/tinyusb/src/portable/raspberrypi/rp2040/dcd_rp2040.c.obj
 .text.hw_handle_buff_status
                0x0000000010006244       0xa4 CMakeFiles/dnvt-switch.dir/Users/nandre/src/pico-sdk/lib/tinyusb/src/portable/raspberrypi/rp2040/dcd_rp2040.c.obj
 .text.dcd_rp2040_irq
                0x00000000100062e8      0x164 CMakeFiles/dnvt-switch.dir/Users/nandre/src/pico-sdk/lib/tinyusb/src/portable/raspberrypi/rp2040/dcd_rp2040.c.obj
 .text.hw_endpoint_xfer
                0x000000001000644c       0x14 CMakeFiles/dnvt-switch.dir/Users/nandre/src/pico-sdk/lib/tinyusb/src/portable/raspberrypi/rp2040/dcd_rp2040.c.obj
 .text.dcd_int_enable
                0x0000000010006460       0x2c CMakeFiles/dnvt-switch.dir/Users/nandre/src/pico-sdk/lib/tinyusb/src/portable/raspberrypi/rp2040/dcd_rp2040.c.obj
                0x0000000010006460                dcd_int_enable
 .text.dcd_set_address
                0x000000001000648c       0x2c CMakeFiles/dnvt-switch.dir/Users/nandre/src/pico-sdk/lib/tinyusb/src/portable/raspberrypi/rp2040/dcd_rp2040.c.obj
                0x000000001000648c                dcd_set_address
 .text.dcd_connect
                0x00000000100064b8       0x10 CMakeFiles/dnvt-switch.dir/Users/nandre/src/pico-sdk/lib/tinyusb/src/portable/raspberrypi/rp2040/dcd_rp2040.c.obj
                0x00000000100064b8                dcd_connect
 .text.dcd_init
                0x00000000100064c8       0x80 CMakeFiles/dnvt-switch.dir/Users/nandre/src/pico-sdk/lib/tinyusb/src/portable/raspberrypi/rp2040/dcd_rp2040.c.obj
                0x00000000100064c8                dcd_init
 .text.dcd_edpt0_status_complete
                0x0000000010006548       0x1c CMakeFiles/dnvt-switch.dir/Users/nandre/src/pico-sdk/lib/tinyusb/src/portable/raspberrypi/rp2040/dcd_rp2040.c.obj
                0x0000000010006548                dcd_edpt0_status_complete
 .text.dcd_edpt_open
                0x0000000010006564       0x40 CMakeFiles/dnvt-switch.dir/Users/nandre/src/pico-sdk/lib/tinyusb/src/portable/raspberrypi/rp2040/dcd_rp2040.c.obj
                0x0000000010006564                dcd_edpt_open
 .text.dcd_edpt_close_all
                0x00000000100065a4        0x8 CMakeFiles/dnvt-switch.dir/Users/nandre/src/pico-sdk/lib/tinyusb/src/portable/raspberrypi/rp2040/dcd_rp2040.c.obj
                0x00000000100065a4                dcd_edpt_close_all
 .text.dcd_edpt_xfer
                0x00000000100065ac       0x30 CMakeFiles/dnvt-switch.dir/Users/nandre/src/pico-sdk/lib/tinyusb/src/portable/raspberrypi/rp2040/dcd_rp2040.c.obj
                0x00000000100065ac                dcd_edpt_xfer
 .text.dcd_edpt_stall
                0x00000000100065dc       0x2c CMakeFiles/dnvt-switch.dir/Users/nandre/src/pico-sdk/lib/tinyusb/src/portable/raspberrypi/rp2040/dcd_rp2040.c.obj
                0x00000000100065dc                dcd_edpt_stall
 .text.dcd_edpt_clear_stall
                0x0000000010006608       0x20 CMakeFiles/dnvt-switch.dir/Users/nandre/src/pico-sdk/lib/tinyusb/src/portable/raspberrypi/rp2040/dcd_rp2040.c.obj
                0x0000000010006608                dcd_edpt_clear_stall
 .text.prepare_ep_buffer
                0x0000000010006628       0x70 CMakeFiles/dnvt-switch.dir/Users/nandre/src/pico-sdk/lib/tinyusb/src/portable/raspberrypi/rp2040/rp2040_usb.c.obj
 .text.sync_ep_buffer
                0x0000000010006698       0x7c CMakeFiles/dnvt-switch.dir/Users/nandre/src/pico-sdk/lib/tinyusb/src/portable/raspberrypi/rp2040/rp2040_usb.c.obj
 .text._hw_endpoint_xfer_sync
                0x0000000010006714       0x28 CMakeFiles/dnvt-switch.dir/Users/nandre/src/pico-sdk/lib/tinyusb/src/portable/raspberrypi/rp2040/rp2040_usb.c.obj
 .text.rp2040_usb_init
                0x000000001000673c       0x4c CMakeFiles/dnvt-switch.dir/Users/nandre/src/pico-sdk/lib/tinyusb/src/portable/raspberrypi/rp2040/rp2040_usb.c.obj
                0x000000001000673c                rp2040_usb_init
 .text.hw_endpoint_reset_transfer
                0x0000000010006788        0xc CMakeFiles/dnvt-switch.dir/Users/nandre/src/pico-sdk/lib/tinyusb/src/portable/raspberrypi/rp2040/rp2040_usb.c.obj
                0x0000000010006788                hw_endpoint_reset_transfer
 .text._hw_endpoint_buffer_control_update32
                0x0000000010006794       0x58 CMakeFiles/dnvt-switch.dir/Users/nandre/src/pico-sdk/lib/tinyusb/src/portable/raspberrypi/rp2040/rp2040_usb.c.obj
                0x0000000010006794                _hw_endpoint_buffer_control_update32
 .text._hw_endpoint_start_next_buffer
                0x00000000100067ec       0x74 CMakeFiles/dnvt-switch.dir/Users/nandre/src/pico-sdk/lib/tinyusb/src/portable/raspberrypi/rp2040/rp2040_usb.c.obj
 .text.hw_endpoint_xfer_start
                0x0000000010006860       0x48 CMakeFiles/dnvt-switch.dir/Users/nandre/src/pico-sdk/lib/tinyusb/src/portable/raspberrypi/rp2040/rp2040_usb.c.obj
                0x0000000010006860                hw_endpoint_xfer_start
 .text.hw_endpoint_xfer_continue
                0x00000000100068a8       0x40 CMakeFiles/dnvt-switch.dir/Users/nandre/src/pico-sdk/lib/tinyusb/src/portable/raspberrypi/rp2040/rp2040_usb.c.obj
                0x00000000100068a8                hw_endpoint_xfer_continue
 .text.configuration_reset
                0x00000000100068e8       0x9c CMakeFiles/dnvt-switch.dir/Users/nandre/src/pico-sdk/lib/tinyusb/src/device/usbd.c.obj
 .text.usbd_reset
                0x0000000010006984        0xc CMakeFiles/dnvt-switch.dir/Users/nandre/src/pico-sdk/lib/tinyusb/src/device/usbd.c.obj
 .text.invoke_class_control
                0x0000000010006990       0x1a CMakeFiles/dnvt-switch.dir/Users/nandre/src/pico-sdk/lib/tinyusb/src/device/usbd.c.obj
 *fill*         0x00000000100069aa        0x2 
 .text.process_set_config
                0x00000000100069ac      0x1bc CMakeFiles/dnvt-switch.dir/Users/nandre/src/pico-sdk/lib/tinyusb/src/device/usbd.c.obj
 .text.process_get_descriptor
                0x0000000010006b68      0x100 CMakeFiles/dnvt-switch.dir/Users/nandre/src/pico-sdk/lib/tinyusb/src/device/usbd.c.obj
 .text.tud_mounted
                0x0000000010006c68       0x10 CMakeFiles/dnvt-switch.dir/Users/nandre/src/pico-sdk/lib/tinyusb/src/device/usbd.c.obj
                0x0000000010006c68                tud_mounted
 .text.tud_suspended
                0x0000000010006c78       0x10 CMakeFiles/dnvt-switch.dir/Users/nandre/src/pico-sdk/lib/tinyusb/src/device/usbd.c.obj
                0x0000000010006c78                tud_suspended
 .text.tud_inited
                0x0000000010006c88       0x14 CMakeFiles/dnvt-switch.dir/Users/nandre/src/pico-sdk/lib/tinyusb/src/device/usbd.c.obj
                0x0000000010006c88                tud_inited
 .text.tud_init
                0x0000000010006c9c       0xe4 CMakeFiles/dnvt-switch.dir/Users/nandre/src/pico-sdk/lib/tinyusb/src/device/usbd.c.obj
                0x0000000010006c9c                tud_init
 .text.usbd_edpt_open
                0x0000000010006d80       0x60 CMakeFiles/dnvt-switch.dir/Users/nandre/src/pico-sdk/lib/tinyusb/src/device/usbd.c.obj
                0x0000000010006d80                usbd_edpt_open
 .text.usbd_open_edpt_pair
                0x0000000010006de0       0x8c CMakeFiles/dnvt-switch.dir/Users/nandre/src/pico-sdk/lib/tinyusb/src/device/usbd.c.obj
                0x0000000010006de0                usbd_open_edpt_pair
 .text.usbd_edpt_claim
                0x0000000010006e6c       0x28 CMakeFiles/dnvt-switch.dir/Users/nandre/src/pico-sdk/lib/tinyusb/src/device/usbd.c.obj
                0x0000000010006e6c                usbd_edpt_claim
 .text.usbd_edpt_release
                0x0000000010006e94       0x28 CMakeFiles/dnvt-switch.dir/Users/nandre/src/pico-sdk/lib/tinyusb/src/device/usbd.c.obj
                0x0000000010006e94                usbd_edpt_release
 .text.usbd_edpt_xfer
                0x0000000010006ebc       0x88 CMakeFiles/dnvt-switch.dir/Users/nandre/src/pico-sdk/lib/tinyusb/src/device/usbd.c.obj
                0x0000000010006ebc                usbd_edpt_xfer
 .text.usbd_edpt_stall
                0x0000000010006f44       0x48 CMakeFiles/dnvt-switch.dir/Users/nandre/src/pico-sdk/lib/tinyusb/src/device/usbd.c.obj
                0x0000000010006f44                usbd_edpt_stall
 .text.usbd_edpt_clear_stall
                0x0000000010006f8c       0x48 CMakeFiles/dnvt-switch.dir/Users/nandre/src/pico-sdk/lib/tinyusb/src/device/usbd.c.obj
                0x0000000010006f8c                usbd_edpt_clear_stall
 .text.usbd_edpt_stalled
                0x0000000010006fd4       0x1c CMakeFiles/dnvt-switch.dir/Users/nandre/src/pico-sdk/lib/tinyusb/src/device/usbd.c.obj
                0x0000000010006fd4                usbd_edpt_stalled
 .text.process_control_request
                0x0000000010006ff0      0x3b8 CMakeFiles/dnvt-switch.dir/Users/nandre/src/pico-sdk/lib/tinyusb/src/device/usbd.c.obj
 .text.tud_task_ext
                0x00000000100073a8      0x1c8 CMakeFiles/dnvt-switch.dir/Users/nandre/src/pico-sdk/lib/tinyusb/src/device/usbd.c.obj
                0x00000000100073a8                tud_task_ext
 .text._data_stage_xact
                0x0000000010007570       0x58 CMakeFiles/dnvt-switch.dir/Users/nandre/src/pico-sdk/lib/tinyusb/src/device/usbd_control.c.obj
 .text.tud_control_status
                0x00000000100075c8       0x38 CMakeFiles/dnvt-switch.dir/Users/nandre/src/pico-sdk/lib/tinyusb/src/device/usbd_control.c.obj
                0x00000000100075c8                tud_control_status
 .text.tud_control_xfer
                0x0000000010007600       0xa8 CMakeFiles/dnvt-switch.dir/Users/nandre/src/pico-sdk/lib/tinyusb/src/device/usbd_control.c.obj
                0x0000000010007600                tud_control_xfer
 .text.usbd_control_reset
                0x00000000100076a8       0x14 CMakeFiles/dnvt-switch.dir/Users/nandre/src/pico-sdk/lib/tinyusb/src/device/usbd_control.c.obj
                0x00000000100076a8                usbd_control_reset
 .text.usbd_control_set_complete_callback
                0x00000000100076bc        0xc CMakeFiles/dnvt-switch.dir/Users/nandre/src/pico-sdk/lib/tinyusb/src/device/usbd_control.c.obj
                0x00000000100076bc                usbd_control_set_complete_callback
 .text.usbd_control_set_request
                0x00000000100076c8       0x1c CMakeFiles/dnvt-switch.dir/Users/nandre/src/pico-sdk/lib/tinyusb/src/device/usbd_control.c.obj
                0x00000000100076c8                usbd_control_set_request
 .text.usbd_control_xfer_cb
                0x00000000100076e4       0xfc CMakeFiles/dnvt-switch.dir/Users/nandre/src/pico-sdk/lib/tinyusb/src/device/usbd_control.c.obj
                0x00000000100076e4                usbd_control_xfer_cb
 .text._prep_out_transaction
                0x00000000100077e0       0x4a CMakeFiles/dnvt-switch.dir/Users/nandre/src/pico-sdk/lib/tinyusb/src/class/cdc/cdc_device.c.obj
 *fill*         0x000000001000782a        0x2 
 .text.tud_cdc_n_connected
                0x000000001000782c       0x44 CMakeFiles/dnvt-switch.dir/Users/nandre/src/pico-sdk/lib/tinyusb/src/class/cdc/cdc_device.c.obj
                0x000000001000782c                tud_cdc_n_connected
 .text.tud_cdc_n_available
                0x0000000010007870       0x18 CMakeFiles/dnvt-switch.dir/Users/nandre/src/pico-sdk/lib/tinyusb/src/class/cdc/cdc_device.c.obj
                0x0000000010007870                tud_cdc_n_available
 .text.tud_cdc_n_read
                0x0000000010007888       0x28 CMakeFiles/dnvt-switch.dir/Users/nandre/src/pico-sdk/lib/tinyusb/src/class/cdc/cdc_device.c.obj
                0x0000000010007888                tud_cdc_n_read
 .text.tud_cdc_n_write_flush
                0x00000000100078b0       0xcc CMakeFiles/dnvt-switch.dir/Users/nandre/src/pico-sdk/lib/tinyusb/src/class/cdc/cdc_device.c.obj
                0x00000000100078b0                tud_cdc_n_write_flush
 .text.tud_cdc_n_write
                0x000000001000797c       0x38 CMakeFiles/dnvt-switch.dir/Users/nandre/src/pico-sdk/lib/tinyusb/src/class/cdc/cdc_device.c.obj
                0x000000001000797c                tud_cdc_n_write
 .text.tud_cdc_n_write_available
                0x00000000100079b4       0x1c CMakeFiles/dnvt-switch.dir/Users/nandre/src/pico-sdk/lib/tinyusb/src/class/cdc/cdc_device.c.obj
                0x00000000100079b4                tud_cdc_n_write_available
 .text.cdcd_init
                0x00000000100079d0       0xbc CMakeFiles/dnvt-switch.dir/Users/nandre/src/pico-sdk/lib/tinyusb/src/class/cdc/cdc_device.c.obj
                0x00000000100079d0                cdcd_init
 .text.cdcd_reset
                0x0000000010007a8c       0x44 CMakeFiles/dnvt-switch.dir/Users/nandre/src/pico-sdk/lib/tinyusb/src/class/cdc/cdc_device.c.obj
                0x0000000010007a8c                cdcd_reset
 .text.cdcd_open
                0x0000000010007ad0       0xf8 CMakeFiles/dnvt-switch.dir/Users/nandre/src/pico-sdk/lib/tinyusb/src/class/cdc/cdc_device.c.obj
                0x0000000010007ad0                cdcd_open
 .text.cdcd_control_xfer_cb
                0x0000000010007bc8      0x134 CMakeFiles/dnvt-switch.dir/Users/nandre/src/pico-sdk/lib/tinyusb/src/class/cdc/cdc_device.c.obj
                0x0000000010007bc8                cdcd_control_xfer_cb
 .text.cdcd_xfer_cb
                0x0000000010007cfc      0x144 CMakeFiles/dnvt-switch.dir/Users/nandre/src/pico-sdk/lib/tinyusb/src/class/cdc/cdc_device.c.obj
                0x0000000010007cfc                cdcd_xfer_cb
 .text.tusb_init
                0x0000000010007e40       0x24 CMakeFiles/dnvt-switch.dir/Users/nandre/src/pico-sdk/lib/tinyusb/src/tusb.c.obj
                0x0000000010007e40                tusb_init
 .text.tusb_inited
                0x0000000010007e64        0xe CMakeFiles/dnvt-switch.dir/Users/nandre/src/pico-sdk/lib/tinyusb/src/tusb.c.obj
                0x0000000010007e64                tusb_inited
 .text.tu_edpt_claim
                0x0000000010007e72       0x50 CMakeFiles/dnvt-switch.dir/Users/nandre/src/pico-sdk/lib/tinyusb/src/tusb.c.obj
                0x0000000010007e72                tu_edpt_claim
 .text.tu_edpt_release
                0x0000000010007ec2       0x3c CMakeFiles/dnvt-switch.dir/Users/nandre/src/pico-sdk/lib/tinyusb/src/tusb.c.obj
                0x0000000010007ec2                tu_edpt_release
 *fill*         0x0000000010007efe        0x2 
 .text.tu_edpt_validate
                0x0000000010007f00       0xac CMakeFiles/dnvt-switch.dir/Users/nandre/src/pico-sdk/lib/tinyusb/src/tusb.c.obj
                0x0000000010007f00                tu_edpt_validate
 .text.tu_edpt_bind_driver
                0x0000000010007fac       0x26 CMakeFiles/dnvt-switch.dir/Users/nandre/src/pico-sdk/lib/tinyusb/src/tusb.c.obj
                0x0000000010007fac                tu_edpt_bind_driver
 .text.advance_pointer
                0x0000000010007fd2       0x18 CMakeFiles/dnvt-switch.dir/Users/nandre/src/pico-sdk/lib/tinyusb/src/common/tusb_fifo.c.obj
 .text.backward_pointer
                0x0000000010007fea       0x1e CMakeFiles/dnvt-switch.dir/Users/nandre/src/pico-sdk/lib/tinyusb/src/common/tusb_fifo.c.obj
 .text.get_relative_pointer
                0x0000000010008008       0x10 CMakeFiles/dnvt-switch.dir/Users/nandre/src/pico-sdk/lib/tinyusb/src/common/tusb_fifo.c.obj
 .text._tu_fifo_peek
                0x0000000010008018       0x50 CMakeFiles/dnvt-switch.dir/Users/nandre/src/pico-sdk/lib/tinyusb/src/common/tusb_fifo.c.obj
 .text._ff_pull_const_addr
                0x0000000010008068       0x4c CMakeFiles/dnvt-switch.dir/Users/nandre/src/pico-sdk/lib/tinyusb/src/common/tusb_fifo.c.obj
 .text._ff_pull_n
                0x00000000100080b4      0x10c CMakeFiles/dnvt-switch.dir/Users/nandre/src/pico-sdk/lib/tinyusb/src/common/tusb_fifo.c.obj
 .text._tu_fifo_peek_n
                0x00000000100081c0       0x5e CMakeFiles/dnvt-switch.dir/Users/nandre/src/pico-sdk/lib/tinyusb/src/common/tusb_fifo.c.obj
 .text._tu_fifo_read_n
                0x000000001000821e       0x4e CMakeFiles/dnvt-switch.dir/Users/nandre/src/pico-sdk/lib/tinyusb/src/common/tusb_fifo.c.obj
 .text._ff_push_const_addr
                0x000000001000826c       0x40 CMakeFiles/dnvt-switch.dir/Users/nandre/src/pico-sdk/lib/tinyusb/src/common/tusb_fifo.c.obj
 .text._ff_push_n
                0x00000000100082ac      0x108 CMakeFiles/dnvt-switch.dir/Users/nandre/src/pico-sdk/lib/tinyusb/src/common/tusb_fifo.c.obj
 .text._tu_fifo_write_n
                0x00000000100083b4       0x9e CMakeFiles/dnvt-switch.dir/Users/nandre/src/pico-sdk/lib/tinyusb/src/common/tusb_fifo.c.obj
 .text.tu_fifo_config
                0x0000000010008452       0x72 CMakeFiles/dnvt-switch.dir/Users/nandre/src/pico-sdk/lib/tinyusb/src/common/tusb_fifo.c.obj
                0x0000000010008452                tu_fifo_config
 .text.tu_fifo_count
                0x00000000100084c4       0x26 CMakeFiles/dnvt-switch.dir/Users/nandre/src/pico-sdk/lib/tinyusb/src/common/tusb_fifo.c.obj
                0x00000000100084c4                tu_fifo_count
 .text.tu_fifo_empty
                0x00000000100084ea       0x10 CMakeFiles/dnvt-switch.dir/Users/nandre/src/pico-sdk/lib/tinyusb/src/common/tusb_fifo.c.obj
                0x00000000100084ea                tu_fifo_empty
 .text.tu_fifo_remaining
                0x00000000100084fa       0x20 CMakeFiles/dnvt-switch.dir/Users/nandre/src/pico-sdk/lib/tinyusb/src/common/tusb_fifo.c.obj
                0x00000000100084fa                tu_fifo_remaining
 .text.tu_fifo_read
                0x000000001000851a       0x42 CMakeFiles/dnvt-switch.dir/Users/nandre/src/pico-sdk/lib/tinyusb/src/common/tusb_fifo.c.obj
                0x000000001000851a                tu_fifo_read
 .text.tu_fifo_read_n
                0x000000001000855c        0xa CMakeFiles/dnvt-switch.dir/Users/nandre/src/pico-sdk/lib/tinyusb/src/common/tusb_fifo.c.obj
                0x000000001000855c                tu_fifo_read_n
 .text.tu_fifo_write
                0x0000000010008566       0x6a CMakeFiles/dnvt-switch.dir/Users/nandre/src/pico-sdk/lib/tinyusb/src/common/tusb_fifo.c.obj
                0x0000000010008566                tu_fifo_write
 .text.tu_fifo_write_n
                0x00000000100085d0        0xa CMakeFiles/dnvt-switch.dir/Users/nandre/src/pico-sdk/lib/tinyusb/src/common/tusb_fifo.c.obj
                0x00000000100085d0                tu_fifo_write_n
 .text.tu_fifo_clear
                0x00000000100085da       0x4c CMakeFiles/dnvt-switch.dir/Users/nandre/src/pico-sdk/lib/tinyusb/src/common/tusb_fifo.c.obj
                0x00000000100085da                tu_fifo_clear
 .text.tu_fifo_set_overwritable
                0x0000000010008626       0x3c CMakeFiles/dnvt-switch.dir/Users/nandre/src/pico-sdk/lib/tinyusb/src/common/tusb_fifo.c.obj
                0x0000000010008626                tu_fifo_set_overwritable
 *fill*         0x0000000010008662        0x2 
 .text._retrieve_unique_id_on_boot
                0x0000000010008664       0x10 CMakeFiles/dnvt-switch.dir/Users/nandre/src/pico-sdk/src/rp2_common/pico_unique_id/unique_id.c.obj
 .text.pico_get_unique_board_id_string
                0x0000000010008674       0x60 CMakeFiles/dnvt-switch.dir/Users/nandre/src/pico-sdk/src/rp2_common/pico_unique_id/unique_id.c.obj
                0x0000000010008674                pico_get_unique_board_id_string
 .text.flash_get_unique_id
                0x00000000100086d4       0x46 CMakeFiles/dnvt-switch.dir/Users/nandre/src/pico-sdk/src/rp2_common/hardware_flash/flash.c.obj
                0x00000000100086d4                flash_get_unique_id
 .text.i2c_write_blocking_internal
                0x000000001000871a      0x140 CMakeFiles/dnvt-switch.dir/Users/nandre/src/pico-sdk/src/rp2_common/hardware_i2c/i2c.c.obj
 *fill*         0x000000001000885a        0x2 
 .text.i2c_set_baudrate
                0x000000001000885c       0xf0 CMakeFiles/dnvt-switch.dir/Users/nandre/src/pico-sdk/src/rp2_common/hardware_i2c/i2c.c.obj
                0x000000001000885c                i2c_set_baudrate
 .text.i2c_init
                0x000000001000894c       0x58 CMakeFiles/dnvt-switch.dir/Users/nandre/src/pico-sdk/src/rp2_common/hardware_i2c/i2c.c.obj
                0x000000001000894c                i2c_init
 .text.i2c_write_blocking
                0x00000000100089a4       0x18 CMakeFiles/dnvt-switch.dir/Users/nandre/src/pico-sdk/src/rp2_common/hardware_i2c/i2c.c.obj
                0x00000000100089a4                i2c_write_blocking
 .text._pio_can_add_program_at_offset
                0x00000000100089bc       0x3c CMakeFiles/dnvt-switch.dir/Users/nandre/src/pico-sdk/src/rp2_common/hardware_pio/pio.c.obj
 .text._pio_find_offset_for_program
                0x00000000100089f8       0x7c CMakeFiles/dnvt-switch.dir/Users/nandre/src/pico-sdk/src/rp2_common/hardware_pio/pio.c.obj
 .text._pio_add_program_at_offset
                0x0000000010008a74       0x78 CMakeFiles/dnvt-switch.dir/Users/nandre/src/pico-sdk/src/rp2_common/hardware_pio/pio.c.obj
 .text.pio_add_program
                0x0000000010008aec       0x38 CMakeFiles/dnvt-switch.dir/Users/nandre/src/pico-sdk/src/rp2_common/hardware_pio/pio.c.obj
                0x0000000010008aec                pio_add_program
 .text.pio_sm_set_pins_with_mask
                0x0000000010008b24       0x6c CMakeFiles/dnvt-switch.dir/Users/nandre/src/pico-sdk/src/rp2_common/hardware_pio/pio.c.obj
                0x0000000010008b24                pio_sm_set_pins_with_mask
 .text.pio_sm_set_consecutive_pindirs
                0x0000000010008b90       0x70 CMakeFiles/dnvt-switch.dir/Users/nandre/src/pico-sdk/src/rp2_common/hardware_pio/pio.c.obj
                0x0000000010008b90                pio_sm_set_consecutive_pindirs
 .text.pio_sm_init
                0x0000000010008c00       0xe4 CMakeFiles/dnvt-switch.dir/Users/nandre/src/pico-sdk/src/rp2_common/hardware_pio/pio.c.obj
                0x0000000010008c00                pio_sm_init
 .text.core1_trampoline
                0x0000000010008ce4        0x2 CMakeFiles/dnvt-switch.dir/Users/nandre/src/pico-sdk/src/rp2_common/pico_multicore/multicore.c.obj
 .text.core1_wrapper
                0x0000000010008ce6        0xc CMakeFiles/dnvt-switch.dir/Users/nandre/src/pico-sdk/src/rp2_common/pico_multicore/multicore.c.obj
                0x0000000010008ce6                core1_wrapper
 .text.multicore_fifo_push_blocking
                0x0000000010008cf2       0x14 CMakeFiles/dnvt-switch.dir/Users/nandre/src/pico-sdk/src/rp2_common/pico_multicore/multicore.c.obj
                0x0000000010008cf2                multicore_fifo_push_blocking
 .text.multicore_fifo_pop_blocking
                0x0000000010008d06       0x16 CMakeFiles/dnvt-switch.dir/Users/nandre/src/pico-sdk/src/rp2_common/pico_multicore/multicore.c.obj
                0x0000000010008d06                multicore_fifo_pop_blocking
 .text.multicore_launch_core1_raw
                0x0000000010008d1c       0x6e CMakeFiles/dnvt-switch.dir/Users/nandre/src/pico-sdk/src/rp2_common/pico_multicore/multicore.c.obj
                0x0000000010008d1c                multicore_launch_core1_raw
 *fill*         0x0000000010008d8a        0x2 
 .text.multicore_launch_core1_with_stack
                0x0000000010008d8c       0x50 CMakeFiles/dnvt-switch.dir/Users/nandre/src/pico-sdk/src/rp2_common/pico_multicore/multicore.c.obj
                0x0000000010008d8c                multicore_launch_core1_with_stack
 .text.multicore_launch_core1
                0x0000000010008ddc       0x24 CMakeFiles/dnvt-switch.dir/Users/nandre/src/pico-sdk/src/rp2_common/pico_multicore/multicore.c.obj
                0x0000000010008ddc                multicore_launch_core1
 .text.malloc   0x0000000010008e00       0x14 /usr/local/Cellar/arm-none-eabi-gcc/10.3-2021.07/gcc/bin/../lib/gcc/arm-none-eabi/10.3.1/../../../../arm-none-eabi/lib/thumb/v6-m/nofp/libg.a(lib_a-malloc.o)
                0x0000000010008e00                malloc
 .text._malloc_r
                0x0000000010008e14      0x584 /usr/local/Cellar/arm-none-eabi-gcc/10.3-2021.07/gcc/bin/../lib/gcc/arm-none-eabi/10.3.1/../../../../arm-none-eabi/lib/thumb/v6-m/nofp/libg.a(lib_a-mallocr.o)
                0x0000000010008e14                _malloc_r
 .text.__malloc_lock
                0x0000000010009398       0x10 /usr/local/Cellar/arm-none-eabi-gcc/10.3-2021.07/gcc/bin/../lib/gcc/arm-none-eabi/10.3.1/../../../../arm-none-eabi/lib/thumb/v6-m/nofp/libg.a(lib_a-mlock.o)
                0x0000000010009398                __malloc_lock
 .text.__malloc_unlock
                0x00000000100093a8       0x10 /usr/local/Cellar/arm-none-eabi-gcc/10.3-2021.07/gcc/bin/../lib/gcc/arm-none-eabi/10.3.1/../../../../arm-none-eabi/lib/thumb/v6-m/nofp/libg.a(lib_a-mlock.o)
                0x00000000100093a8                __malloc_unlock
 .text._sbrk_r  0x00000000100093b8       0x24 /usr/local/Cellar/arm-none-eabi-gcc/10.3-2021.07/gcc/bin/../lib/gcc/arm-none-eabi/10.3.1/../../../../arm-none-eabi/lib/thumb/v6-m/nofp/libg.a(lib_a-sbrkr.o)
                0x00000000100093b8                _sbrk_r
 .text.strlen   0x00000000100093dc       0x5c /usr/local/Cellar/arm-none-eabi-gcc/10.3-2021.07/gcc/bin/../lib/gcc/arm-none-eabi/10.3.1/../../../../arm-none-eabi/lib/thumb/v6-m/nofp/libg.a(lib_a-strlen-stub.o)
                0x00000000100093dc                strlen
 .text.strncpy  0x0000000010009438       0x6c /usr/local/Cellar/arm-none-eabi-gcc/10.3-2021.07/gcc/bin/../lib/gcc/arm-none-eabi/10.3.1/../../../../arm-none-eabi/lib/thumb/v6-m/nofp/libg.a(lib_a-strncpy.o)
                0x0000000010009438                strncpy
 .text._malloc_trim_r
                0x00000000100094a4       0x9c /usr/local/Cellar/arm-none-eabi-gcc/10.3-2021.07/gcc/bin/../lib/gcc/arm-none-eabi/10.3.1/../../../../arm-none-eabi/lib/thumb/v6-m/nofp/libg.a(lib_a-freer.o)
                0x00000000100094a4                _malloc_trim_r
 .text._free_r  0x0000000010009540      0x1c4 /usr/local/Cellar/arm-none-eabi-gcc/10.3-2021.07/gcc/bin/../lib/gcc/arm-none-eabi/10.3.1/../../../../arm-none-eabi/lib/thumb/v6-m/nofp/libg.a(lib_a-freer.o)
                0x0000000010009540                _free_r
 .text.__retarget_lock_acquire_recursive
                0x0000000010009704        0x4 /usr/local/Cellar/arm-none-eabi-gcc/10.3-2021.07/gcc/bin/../lib/gcc/arm-none-eabi/10.3.1/../../../../arm-none-eabi/lib/thumb/v6-m/nofp/libg.a(lib_a-lock.o)
                0x0000000010009704                __retarget_lock_acquire_recursive
 .text.__retarget_lock_release_recursive
                0x0000000010009708        0x4 /usr/local/Cellar/arm-none-eabi-gcc/10.3-2021.07/gcc/bin/../lib/gcc/arm-none-eabi/10.3.1/../../../../arm-none-eabi/lib/thumb/v6-m/nofp/libg.a(lib_a-lock.o)
                0x0000000010009708                __retarget_lock_release_recursive
 *(.fini)
 .fini          0x000000001000970c        0x4 /usr/local/Cellar/arm-none-eabi-gcc/10.3-2021.07/gcc/bin/../lib/gcc/arm-none-eabi/10.3.1/thumb/v6-m/nofp/crti.o
                0x000000001000970c                _fini
 .fini.__stub   0x0000000010009710       0x80 linker stubs
 *crtbegin.o(.ctors)
 *crtbegin?.o(.ctors)
 *(EXCLUDE_FILE(*crtend.o *crtend?.o) .ctors)
 *(SORT_BY_NAME(.ctors.*))
 *(.ctors)
 *crtbegin.o(.dtors)
 *crtbegin?.o(.dtors)
 *(EXCLUDE_FILE(*crtend.o *crtend?.o) .dtors)
 *(SORT_BY_NAME(.dtors.*))
 *(.dtors)
 *(.eh_frame*)
 .eh_frame      0x0000000010009790        0x0 /usr/local/Cellar/arm-none-eabi-gcc/10.3-2021.07/gcc/bin/../lib/gcc/arm-none-eabi/10.3.1/thumb/v6-m/nofp/crtbegin.o
                0x0000000010009790                . = ALIGN (0x4)

.glue_7         0x0000000010009790        0x0
 .glue_7        0x0000000010009790        0x0 linker stubs

.glue_7t        0x0000000010009790        0x0
 .glue_7t       0x0000000010009790        0x0 linker stubs

.vfp11_veneer   0x0000000010009790        0x0
 .vfp11_veneer  0x0000000010009790        0x0 linker stubs

.v4_bx          0x0000000010009790        0x0
 .v4_bx         0x0000000010009790        0x0 linker stubs

.iplt           0x0000000010009790        0x0
 .iplt          0x0000000010009790        0x0 /usr/local/Cellar/arm-none-eabi-gcc/10.3-2021.07/gcc/bin/../lib/gcc/arm-none-eabi/10.3.1/thumb/v6-m/nofp/crtbegin.o

.rodata         0x0000000010009790     0x217c
 *(EXCLUDE_FILE(*libm.a: *libc.a:*lib_a-mem*.o *libgcc.a:) .rodata*)
 .rodata.ssd1306_init.str1.4
                0x0000000010009790       0x3f CMakeFiles/dnvt-switch.dir/ssd1306.c.obj
 *fill*         0x00000000100097cf        0x1 
 .rodata.ssd1306_show.str1.4
                0x00000000100097d0        0xd CMakeFiles/dnvt-switch.dir/ssd1306.c.obj
 *fill*         0x00000000100097dd        0x3 
 .rodata.font_8x5
                0x00000000100097e0      0x1dd CMakeFiles/dnvt-switch.dir/ssd1306.c.obj
                0x00000000100097e0                font_8x5
 *fill*         0x00000000100099bd        0x3 
 .rodata.phone_task.str1.4
                0x00000000100099c0      0x4b8 CMakeFiles/dnvt-switch.dir/process_phones.c.obj
 .rodata.phone_task
                0x0000000010009e78       0x60 CMakeFiles/dnvt-switch.dir/process_phones.c.obj
 .rodata.init_phones.str1.4
                0x0000000010009ed8       0x3e CMakeFiles/dnvt-switch.dir/process_phones.c.obj
 *fill*         0x0000000010009f16        0x2 
 .rodata.differential_manchester_rx_program
                0x0000000010009f18        0x6 CMakeFiles/dnvt-switch.dir/process_phones.c.obj
 *fill*         0x0000000010009f1e        0x2 
 .rodata.differential_manchester_rx_program_instructions
                0x0000000010009f20       0x14 CMakeFiles/dnvt-switch.dir/process_phones.c.obj
 .rodata.differential_manchester_tx_program
                0x0000000010009f34        0x6 CMakeFiles/dnvt-switch.dir/process_phones.c.obj
 *fill*         0x0000000010009f3a        0x2 
 .rodata.differential_manchester_tx_program_instructions
                0x0000000010009f3c       0x14 CMakeFiles/dnvt-switch.dir/process_phones.c.obj
 .rodata.update_display.str1.4
                0x0000000010009f50       0x95 CMakeFiles/dnvt-switch.dir/display.c.obj
 *fill*         0x0000000010009fe5        0x3 
 .rodata.update_display
                0x0000000010009fe8       0x60 CMakeFiles/dnvt-switch.dir/display.c.obj
 .rodata.spin_lock_claim_unused.str1.4
                0x000000001000a048       0x1b CMakeFiles/dnvt-switch.dir/Users/nandre/src/pico-sdk/src/rp2_common/hardware_sync/sync.c.obj
 *fill*         0x000000001000a063        0x1 
 .rodata.make_branch.str1.4
                0x000000001000a064       0x6d CMakeFiles/dnvt-switch.dir/Users/nandre/src/pico-sdk/src/rp2_common/hardware_irq/irq.c.obj
 *fill*         0x000000001000a0d1        0x3 
 .rodata.insert_branch_and_link.str1.4
                0x000000001000a0d4       0x10 CMakeFiles/dnvt-switch.dir/Users/nandre/src/pico-sdk/src/rp2_common/hardware_irq/irq.c.obj
 .rodata.irq_set_exclusive_handler.str1.4
                0x000000001000a0e4       0x36 CMakeFiles/dnvt-switch.dir/Users/nandre/src/pico-sdk/src/rp2_common/hardware_irq/irq.c.obj
 *fill*         0x000000001000a11a        0x2 
 .rodata.irq_add_shared_handler.str1.4
                0x000000001000a11c       0xd9 CMakeFiles/dnvt-switch.dir/Users/nandre/src/pico-sdk/src/rp2_common/hardware_irq/irq.c.obj
 *fill*         0x000000001000a1f5        0x3 
 .rodata.irq_remove_handler.str1.4
                0x000000001000a1f8       0x2a CMakeFiles/dnvt-switch.dir/Users/nandre/src/pico-sdk/src/rp2_common/hardware_irq/irq.c.obj
 *fill*         0x000000001000a222        0x2 
 .rodata.irq_add_tail_to_free_list.str1.4
                0x000000001000a224       0x3a CMakeFiles/dnvt-switch.dir/Users/nandre/src/pico-sdk/src/rp2_common/hardware_irq/irq.c.obj
 *fill*         0x000000001000a25e        0x2 
 .rodata.user_irq_claim_unused.str1.4
                0x000000001000a260       0x1b CMakeFiles/dnvt-switch.dir/Users/nandre/src/pico-sdk/src/rp2_common/hardware_irq/irq.c.obj
 *fill*         0x000000001000a27b        0x1 
 .rodata.__func__.0
                0x000000001000a27c       0x1a CMakeFiles/dnvt-switch.dir/Users/nandre/src/pico-sdk/src/rp2_common/hardware_irq/irq.c.obj
 *fill*         0x000000001000a296        0x2 
 .rodata.__func__.1
                0x000000001000a298       0x17 CMakeFiles/dnvt-switch.dir/Users/nandre/src/pico-sdk/src/rp2_common/hardware_irq/irq.c.obj
 *fill*         0x000000001000a2af        0x1 
 .rodata.__func__.2
                0x000000001000a2b0       0x13 CMakeFiles/dnvt-switch.dir/Users/nandre/src/pico-sdk/src/rp2_common/hardware_irq/irq.c.obj
 *fill*         0x000000001000a2c3        0x1 
 .rodata.__func__.3
                0x000000001000a2c4        0xc CMakeFiles/dnvt-switch.dir/Users/nandre/src/pico-sdk/src/rp2_common/hardware_irq/irq.c.obj
 .rodata.__func__.4
                0x000000001000a2d0        0xf CMakeFiles/dnvt-switch.dir/Users/nandre/src/pico-sdk/src/rp2_common/hardware_irq/irq.c.obj
 *fill*         0x000000001000a2df        0x1 
 .rodata.__func__.5
                0x000000001000a2e0       0x17 CMakeFiles/dnvt-switch.dir/Users/nandre/src/pico-sdk/src/rp2_common/hardware_irq/irq.c.obj
 *fill*         0x000000001000a2f7        0x1 
 .rodata.__func__.6
                0x000000001000a2f8       0x1a CMakeFiles/dnvt-switch.dir/Users/nandre/src/pico-sdk/src/rp2_common/hardware_irq/irq.c.obj
 *fill*         0x000000001000a312        0x2 
 .rodata.repeating_timer_callback.str1.4
                0x000000001000a314       0x4b CMakeFiles/dnvt-switch.dir/Users/nandre/src/pico-sdk/src/common/pico_time/time.c.obj
 *fill*         0x000000001000a35f        0x1 
 .rodata.alarm_pool_dump_key.str1.4
                0x000000001000a360       0x33 CMakeFiles/dnvt-switch.dir/Users/nandre/src/pico-sdk/src/common/pico_time/time.c.obj
 *fill*         0x000000001000a393        0x1 
 .rodata.ph_add_child_node.str1.4
                0x000000001000a394       0x96 CMakeFiles/dnvt-switch.dir/Users/nandre/src/pico-sdk/src/common/pico_time/time.c.obj
 *fill*         0x000000001000a42a        0x2 
 .rodata.add_alarm_under_lock.str1.4
                0x000000001000a42c       0x28 CMakeFiles/dnvt-switch.dir/Users/nandre/src/pico-sdk/src/common/pico_time/time.c.obj
                                         0x2b (size before relaxing)
 .rodata.alarm_pool_alarm_callback.str1.4
                0x000000001000a454       0xe6 CMakeFiles/dnvt-switch.dir/Users/nandre/src/pico-sdk/src/common/pico_time/time.c.obj
 *fill*         0x000000001000a53a        0x2 
 .rodata.alarm_pool_get_default.str1.4
                0x000000001000a53c       0x21 CMakeFiles/dnvt-switch.dir/Users/nandre/src/pico-sdk/src/common/pico_time/time.c.obj
 *fill*         0x000000001000a55d        0x3 
 .rodata.alarm_pool_cancel_alarm.str1.4
                0x000000001000a560       0x27 CMakeFiles/dnvt-switch.dir/Users/nandre/src/pico-sdk/src/common/pico_time/time.c.obj
 *fill*         0x000000001000a587        0x1 
 .rodata.sleep_until.str1.4
                0x000000001000a588       0x4d CMakeFiles/dnvt-switch.dir/Users/nandre/src/pico-sdk/src/common/pico_time/time.c.obj
 *fill*         0x000000001000a5d5        0x3 
 .rodata.__func__.1
                0x000000001000a5d8       0x18 CMakeFiles/dnvt-switch.dir/Users/nandre/src/pico-sdk/src/common/pico_time/time.c.obj
 .rodata.__func__.10
                0x000000001000a5f0       0x15 CMakeFiles/dnvt-switch.dir/Users/nandre/src/pico-sdk/src/common/pico_time/time.c.obj
 *fill*         0x000000001000a605        0x3 
 .rodata.__func__.11
                0x000000001000a608       0x1a CMakeFiles/dnvt-switch.dir/Users/nandre/src/pico-sdk/src/common/pico_time/time.c.obj
 *fill*         0x000000001000a622        0x2 
 .rodata.__func__.12
                0x000000001000a624        0xa CMakeFiles/dnvt-switch.dir/Users/nandre/src/pico-sdk/src/common/pico_time/time.c.obj
 *fill*         0x000000001000a62e        0x2 
 .rodata.__func__.3
                0x000000001000a630       0x17 CMakeFiles/dnvt-switch.dir/Users/nandre/src/pico-sdk/src/common/pico_time/time.c.obj
 *fill*         0x000000001000a647        0x1 
 .rodata.__func__.4
                0x000000001000a648       0x12 CMakeFiles/dnvt-switch.dir/Users/nandre/src/pico-sdk/src/common/pico_time/time.c.obj
 *fill*         0x000000001000a65a        0x2 
 .rodata.__func__.5
                0x000000001000a65c        0xd CMakeFiles/dnvt-switch.dir/Users/nandre/src/pico-sdk/src/common/pico_time/time.c.obj
 *fill*         0x000000001000a669        0x3 
 .rodata.__func__.6
                0x000000001000a66c       0x12 CMakeFiles/dnvt-switch.dir/Users/nandre/src/pico-sdk/src/common/pico_time/time.c.obj
 *fill*         0x000000001000a67e        0x2 
 .rodata.__func__.7
                0x000000001000a680        0xf CMakeFiles/dnvt-switch.dir/Users/nandre/src/pico-sdk/src/common/pico_time/time.c.obj
 *fill*         0x000000001000a68f        0x1 
 .rodata.__func__.8
                0x000000001000a690        0xc CMakeFiles/dnvt-switch.dir/Users/nandre/src/pico-sdk/src/common/pico_time/time.c.obj
 .rodata.__func__.9
                0x000000001000a69c       0x15 CMakeFiles/dnvt-switch.dir/Users/nandre/src/pico-sdk/src/common/pico_time/time.c.obj
 *fill*         0x000000001000a6b1        0x3 
 .rodata.hardware_alarm_claim.str1.4
                0x000000001000a6b4       0x22 CMakeFiles/dnvt-switch.dir/Users/nandre/src/pico-sdk/src/rp2_common/hardware_timer/timer.c.obj
 *fill*         0x000000001000a6d6        0x2 
 .rodata.hardware_alarm_set_target.str1.4
                0x000000001000a6d8       0x65 CMakeFiles/dnvt-switch.dir/Users/nandre/src/pico-sdk/src/rp2_common/hardware_timer/timer.c.obj
 *fill*         0x000000001000a73d        0x3 
 .rodata.__func__.0
                0x000000001000a740       0x1a CMakeFiles/dnvt-switch.dir/Users/nandre/src/pico-sdk/src/rp2_common/hardware_timer/timer.c.obj
 .rodata.ph_add_child_node.str1.4
                0x000000001000a75a       0x96 CMakeFiles/dnvt-switch.dir/Users/nandre/src/pico-sdk/src/common/pico_util/pheap.c.obj
 *fill*         0x000000001000a75a        0x2 
 .rodata.ph_remove_any_head.str1.4
                0x000000001000a75c       0x8c CMakeFiles/dnvt-switch.dir/Users/nandre/src/pico-sdk/src/common/pico_util/pheap.c.obj
 .rodata.ph_remove_and_free_node.str1.4
                0x000000001000a7e8       0x1e CMakeFiles/dnvt-switch.dir/Users/nandre/src/pico-sdk/src/common/pico_util/pheap.c.obj
                                         0x26 (size before relaxing)
 *fill*         0x000000001000a806        0x2 
 .rodata.__func__.0
                0x000000001000a808       0x18 CMakeFiles/dnvt-switch.dir/Users/nandre/src/pico-sdk/src/common/pico_util/pheap.c.obj
 .rodata.__func__.1
                0x000000001000a820       0x13 CMakeFiles/dnvt-switch.dir/Users/nandre/src/pico-sdk/src/common/pico_util/pheap.c.obj
 *fill*         0x000000001000a833        0x1 
 .rodata.__func__.2
                0x000000001000a834       0x12 CMakeFiles/dnvt-switch.dir/Users/nandre/src/pico-sdk/src/common/pico_util/pheap.c.obj
 *fill*         0x000000001000a846        0x2 
 .rodata.__func__.3
                0x000000001000a848        0xc CMakeFiles/dnvt-switch.dir/Users/nandre/src/pico-sdk/src/common/pico_util/pheap.c.obj
 .rodata.str1.4
                0x000000001000a854       0x89 CMakeFiles/dnvt-switch.dir/Users/nandre/src/pico-sdk/src/common/pico_sync/mutex.c.obj
                                         0xed (size before relaxing)
 *fill*         0x000000001000a8dd        0x3 
 .rodata.__func__.1
                0x000000001000a8e0        0xb CMakeFiles/dnvt-switch.dir/Users/nandre/src/pico-sdk/src/common/pico_sync/mutex.c.obj
 *fill*         0x000000001000a8eb        0x1 
 .rodata.__func__.3
                0x000000001000a8ec       0x18 CMakeFiles/dnvt-switch.dir/Users/nandre/src/pico-sdk/src/common/pico_sync/mutex.c.obj
 .rodata.__func__.4
                0x000000001000a904       0x15 CMakeFiles/dnvt-switch.dir/Users/nandre/src/pico-sdk/src/common/pico_sync/mutex.c.obj
 *fill*         0x000000001000a919        0x3 
 .rodata.__assert_func.str1.4
                0x000000001000a91c       0x3f CMakeFiles/dnvt-switch.dir/Users/nandre/src/pico-sdk/src/rp2_common/pico_runtime/runtime.c.obj
                                         0x43 (size before relaxing)
 *fill*         0x000000001000a95b        0x1 
 .rodata.runtime_init.str1.4
                0x000000001000a95c       0x61 CMakeFiles/dnvt-switch.dir/Users/nandre/src/pico-sdk/src/rp2_common/pico_runtime/runtime.c.obj
 *fill*         0x000000001000a9bd        0x3 
 .rodata.panic.str1.4
                0x000000001000a9c0       0x10 CMakeFiles/dnvt-switch.dir/Users/nandre/src/pico-sdk/src/rp2_common/pico_runtime/runtime.c.obj
                                         0x12 (size before relaxing)
 .rodata.__func__.1
                0x000000001000a9d0        0xd CMakeFiles/dnvt-switch.dir/Users/nandre/src/pico-sdk/src/rp2_common/pico_runtime/runtime.c.obj
 *fill*         0x000000001000a9dd        0x3 
 .rodata.clock_configure.str1.4
                0x000000001000a9e0       0x57 CMakeFiles/dnvt-switch.dir/Users/nandre/src/pico-sdk/src/rp2_common/hardware_clocks/clocks.c.obj
 *fill*         0x000000001000aa37        0x1 
 .rodata.__func__.1
                0x000000001000aa38       0x10 CMakeFiles/dnvt-switch.dir/Users/nandre/src/pico-sdk/src/rp2_common/hardware_clocks/clocks.c.obj
 .rodata.pll_init.str1.4
                0x000000001000aa48      0x13b CMakeFiles/dnvt-switch.dir/Users/nandre/src/pico-sdk/src/rp2_common/hardware_pll/pll.c.obj
 *fill*         0x000000001000ab83        0x1 
 .rodata.__func__.0
                0x000000001000ab84        0x9 CMakeFiles/dnvt-switch.dir/Users/nandre/src/pico-sdk/src/rp2_common/hardware_pll/pll.c.obj
 *fill*         0x000000001000ab8d        0x3 
 .rodata._ftoa.str1.4
                0x000000001000ab90       0x15 CMakeFiles/dnvt-switch.dir/Users/nandre/src/pico-sdk/src/rp2_common/pico_printf/printf.c.obj
 *fill*         0x000000001000aba5        0x3 
 .rodata._vsnprintf
                0x000000001000aba8      0x1e0 CMakeFiles/dnvt-switch.dir/Users/nandre/src/pico-sdk/src/rp2_common/pico_printf/printf.c.obj
 .rodata.pow10.0
                0x000000001000ad88       0x50 CMakeFiles/dnvt-switch.dir/Users/nandre/src/pico-sdk/src/rp2_common/pico_printf/printf.c.obj
 .rodata.__aeabi_double_init.str1.4
                0x000000001000add8       0xa8 CMakeFiles/dnvt-switch.dir/Users/nandre/src/pico-sdk/src/rp2_common/pico_double/double_init_rom.c.obj
 .rodata.__func__.0
                0x000000001000ae80       0x14 CMakeFiles/dnvt-switch.dir/Users/nandre/src/pico-sdk/src/rp2_common/pico_double/double_init_rom.c.obj
 .rodata.__aeabi_float_init.str1.4
                0x000000001000ae94       0x7a CMakeFiles/dnvt-switch.dir/Users/nandre/src/pico-sdk/src/rp2_common/pico_float/float_init_rom.c.obj
                                         0x7e (size before relaxing)
 *fill*         0x000000001000af0e        0x2 
 .rodata.__func__.0
                0x000000001000af10       0x13 CMakeFiles/dnvt-switch.dir/Users/nandre/src/pico-sdk/src/rp2_common/pico_float/float_init_rom.c.obj
 *fill*         0x000000001000af23        0x1 
 .rodata.__wrap_malloc.str1.4
                0x000000001000af24        0xe CMakeFiles/dnvt-switch.dir/Users/nandre/src/pico-sdk/src/rp2_common/pico_malloc/pico_malloc.c.obj
 *fill*         0x000000001000af32        0x2 
 .rodata.str1.4
                0x000000001000af34       0x40 CMakeFiles/dnvt-switch.dir/Users/nandre/src/pico-sdk/src/rp2_common/pico_standard_link/binary_info.c.obj
                                         0x44 (size before relaxing)
 .rodata.__bi_44
                0x000000001000af74        0xc CMakeFiles/dnvt-switch.dir/Users/nandre/src/pico-sdk/src/rp2_common/pico_standard_link/binary_info.c.obj
 .rodata.__bi_56
                0x000000001000af80        0xc CMakeFiles/dnvt-switch.dir/Users/nandre/src/pico-sdk/src/rp2_common/pico_standard_link/binary_info.c.obj
 .rodata.__bi_75
                0x000000001000af8c        0xc CMakeFiles/dnvt-switch.dir/Users/nandre/src/pico-sdk/src/rp2_common/pico_standard_link/binary_info.c.obj
 .rodata.__bi_81
                0x000000001000af98        0xc CMakeFiles/dnvt-switch.dir/Users/nandre/src/pico-sdk/src/rp2_common/pico_standard_link/binary_info.c.obj
 .rodata.crlf_str.3
                0x000000001000afa4        0x2 CMakeFiles/dnvt-switch.dir/Users/nandre/src/pico-sdk/src/rp2_common/pico_stdio/stdio.c.obj
 *fill*         0x000000001000afa6        0x2 
 .rodata._resetd_driver
                0x000000001000afa8       0x18 CMakeFiles/dnvt-switch.dir/Users/nandre/src/pico-sdk/src/rp2_common/pico_stdio_usb/reset_interface.c.obj
 .rodata.timer_task.str1.4
                0x000000001000afc0       0x6d CMakeFiles/dnvt-switch.dir/Users/nandre/src/pico-sdk/src/rp2_common/pico_stdio_usb/stdio_usb.c.obj
 .rodata.stdio_usb_init.str1.4
                0x000000001000b02d       0x61 CMakeFiles/dnvt-switch.dir/Users/nandre/src/pico-sdk/src/rp2_common/pico_stdio_usb/stdio_usb.c.obj
 *fill*         0x000000001000b02d        0x3 
 .rodata.str1.4
                0x000000001000b030       0x13 CMakeFiles/dnvt-switch.dir/Users/nandre/src/pico-sdk/src/rp2_common/pico_stdio_usb/stdio_usb.c.obj
 *fill*         0x000000001000b043        0x1 
 .rodata.__bi_118.2
                0x000000001000b044        0xc CMakeFiles/dnvt-switch.dir/Users/nandre/src/pico-sdk/src/rp2_common/pico_stdio_usb/stdio_usb.c.obj
 .rodata.__func__.0
                0x000000001000b050       0x15 CMakeFiles/dnvt-switch.dir/Users/nandre/src/pico-sdk/src/rp2_common/pico_stdio_usb/stdio_usb.c.obj
 *fill*         0x000000001000b065        0x3 
 .rodata.__func__.1
                0x000000001000b068        0xb CMakeFiles/dnvt-switch.dir/Users/nandre/src/pico-sdk/src/rp2_common/pico_stdio_usb/stdio_usb.c.obj
 *fill*         0x000000001000b073        0x1 
 .rodata.str1.4
                0x000000001000b074       0x2a CMakeFiles/dnvt-switch.dir/Users/nandre/src/pico-sdk/src/rp2_common/pico_stdio_usb/stdio_usb_descriptors.c.obj
 *fill*         0x000000001000b09e        0x2 
 .rodata.usbd_desc_cfg
                0x000000001000b0a0       0x54 CMakeFiles/dnvt-switch.dir/Users/nandre/src/pico-sdk/src/rp2_common/pico_stdio_usb/stdio_usb_descriptors.c.obj
 .rodata.usbd_desc_device
                0x000000001000b0f4       0x12 CMakeFiles/dnvt-switch.dir/Users/nandre/src/pico-sdk/src/rp2_common/pico_stdio_usb/stdio_usb_descriptors.c.obj
 *fill*         0x000000001000b106        0x2 
 .rodata.usbd_desc_str
                0x000000001000b108       0x18 CMakeFiles/dnvt-switch.dir/Users/nandre/src/pico-sdk/src/rp2_common/pico_stdio_usb/stdio_usb_descriptors.c.obj
 .rodata._hw_endpoint_alloc.str1.4
                0x000000001000b120       0xb5 CMakeFiles/dnvt-switch.dir/Users/nandre/src/pico-sdk/lib/tinyusb/src/portable/raspberrypi/rp2040/dcd_rp2040.c.obj
 *fill*         0x000000001000b1d5        0x3 
 .rodata.dcd_rp2040_irq.str1.4
                0x000000001000b1d8       0x14 CMakeFiles/dnvt-switch.dir/Users/nandre/src/pico-sdk/lib/tinyusb/src/portable/raspberrypi/rp2040/dcd_rp2040.c.obj
 .rodata.dcd_int_enable.str1.4
                0x000000001000b1ec        0xc CMakeFiles/dnvt-switch.dir/Users/nandre/src/pico-sdk/lib/tinyusb/src/portable/raspberrypi/rp2040/dcd_rp2040.c.obj
 .rodata.__func__.0
                0x000000001000b1f8        0xe CMakeFiles/dnvt-switch.dir/Users/nandre/src/pico-sdk/lib/tinyusb/src/portable/raspberrypi/rp2040/dcd_rp2040.c.obj
 *fill*         0x000000001000b206        0x2 
 .rodata.__func__.1
                0x000000001000b208        0xe CMakeFiles/dnvt-switch.dir/Users/nandre/src/pico-sdk/lib/tinyusb/src/portable/raspberrypi/rp2040/dcd_rp2040.c.obj
 *fill*         0x000000001000b216        0x2 
 .rodata.__func__.3